Archive member included to satisfy reference by file (symbol)

D:\Facultad\Digitales II\Repositorio MCU\lpc_chip_175x_6x\Debug\liblpc_chip_175x_6x.a(chip_17xx_40xx.o)
                              ./freeRTOS/src/port.o (SystemCoreClock)
D:\Facultad\Digitales II\Repositorio MCU\lpc_chip_175x_6x\Debug\liblpc_chip_175x_6x.a(clock_17xx_40xx.o)
                              D:\Facultad\Digitales II\Repositorio MCU\lpc_chip_175x_6x\Debug\liblpc_chip_175x_6x.a(chip_17xx_40xx.o) (Chip_Clock_EnablePLL)
D:\Facultad\Digitales II\Repositorio MCU\lpc_chip_175x_6x\Debug\liblpc_chip_175x_6x.a(iocon_17xx_40xx.o)
                              ./Example/src/FRTOS.o (Chip_IOCON_PinMux)
D:\Facultad\Digitales II\Repositorio MCU\lpc_chip_175x_6x\Debug\liblpc_chip_175x_6x.a(sysinit_17xx_40xx.o)
                              ./Example/src/sysinit.o (Chip_SystemInit)
c:/nxp/mcuxpressoide_10.1.1_606/ide/tools/bin/../lib/gcc/arm-none-eabi/6.3.1/../../../../arm-none-eabi/lib/thumb/v7-m\libcr_semihost.a(_cr__main.o)
                              ./Example/src/cr_startup_lpc175x_6x.o (__main)
c:/nxp/mcuxpressoide_10.1.1_606/ide/tools/bin/../lib/gcc/arm-none-eabi/6.3.1/../../../../arm-none-eabi/lib/thumb/v7-m\libcr_c.a(memcpy.o)
                              ./freeRTOS/src/queue.o (memcpy)
c:/nxp/mcuxpressoide_10.1.1_606/ide/tools/bin/../lib/gcc/arm-none-eabi/6.3.1/../../../../arm-none-eabi/lib/thumb/v7-m\libcr_c.a(memset.o)
                              ./freeRTOS/src/tasks.o (memset)
c:/nxp/mcuxpressoide_10.1.1_606/ide/tools/bin/../lib/gcc/arm-none-eabi/6.3.1/../../../../arm-none-eabi/lib/thumb/v7-m\libcr_c.a(alloc.o)
                              ./freeRTOS/src/heap_3.o (malloc)
c:/nxp/mcuxpressoide_10.1.1_606/ide/tools/bin/../lib/gcc/arm-none-eabi/6.3.1/../../../../arm-none-eabi/lib/thumb/v7-m\libcr_c.a(initio.o)
                              c:/nxp/mcuxpressoide_10.1.1_606/ide/tools/bin/../lib/gcc/arm-none-eabi/6.3.1/../../../../arm-none-eabi/lib/thumb/v7-m\libcr_semihost.a(_cr__main.o) (_initio)
c:/nxp/mcuxpressoide_10.1.1_606/ide/tools/bin/../lib/gcc/arm-none-eabi/6.3.1/../../../../arm-none-eabi/lib/thumb/v7-m\libcr_c.a(setvbuf.o)
                              c:/nxp/mcuxpressoide_10.1.1_606/ide/tools/bin/../lib/gcc/arm-none-eabi/6.3.1/../../../../arm-none-eabi/lib/thumb/v7-m\libcr_c.a(initio.o) (setvbuf)
c:/nxp/mcuxpressoide_10.1.1_606/ide/tools/bin/../lib/gcc/arm-none-eabi/6.3.1/../../../../arm-none-eabi/lib/thumb/v7-m\libcr_c.a(__init_alloc.o)
                              c:/nxp/mcuxpressoide_10.1.1_606/ide/tools/bin/../lib/gcc/arm-none-eabi/6.3.1/../../../../arm-none-eabi/lib/thumb/v7-m\libcr_c.a(alloc.o) (__heaps)
c:/nxp/mcuxpressoide_10.1.1_606/ide/tools/bin/../lib/gcc/arm-none-eabi/6.3.1/../../../../arm-none-eabi/lib/thumb/v7-m\libcr_c.a(_cr_sbrk.o)
                              c:/nxp/mcuxpressoide_10.1.1_606/ide/tools/bin/../lib/gcc/arm-none-eabi/6.3.1/../../../../arm-none-eabi/lib/thumb/v7-m\libcr_c.a(alloc.o) (_sbrk)
c:/nxp/mcuxpressoide_10.1.1_606/ide/tools/bin/../lib/gcc/arm-none-eabi/6.3.1/../../../../arm-none-eabi/lib/thumb/v7-m\libcr_c.a(_fdopen.o)
                              c:/nxp/mcuxpressoide_10.1.1_606/ide/tools/bin/../lib/gcc/arm-none-eabi/6.3.1/../../../../arm-none-eabi/lib/thumb/v7-m\libcr_c.a(initio.o) (_fdopen)
c:/nxp/mcuxpressoide_10.1.1_606/ide/tools/bin/../lib/gcc/arm-none-eabi/6.3.1/../../../../arm-none-eabi/lib/thumb/v7-m\libcr_c.a(errno.o)
                              c:/nxp/mcuxpressoide_10.1.1_606/ide/tools/bin/../lib/gcc/arm-none-eabi/6.3.1/../../../../arm-none-eabi/lib/thumb/v7-m\libcr_c.a(_cr_sbrk.o) (errno)
c:/nxp/mcuxpressoide_10.1.1_606/ide/tools/bin/../lib/gcc/arm-none-eabi/6.3.1/../../../../arm-none-eabi/lib/thumb/v7-m\libcr_c.a(fclose.o)
                              c:/nxp/mcuxpressoide_10.1.1_606/ide/tools/bin/../lib/gcc/arm-none-eabi/6.3.1/../../../../arm-none-eabi/lib/thumb/v7-m\libcr_c.a(initio.o) (fclose)
c:/nxp/mcuxpressoide_10.1.1_606/ide/tools/bin/../lib/gcc/arm-none-eabi/6.3.1/../../../../arm-none-eabi/lib/thumb/v7-m\libcr_c.a(fflush.o)
                              c:/nxp/mcuxpressoide_10.1.1_606/ide/tools/bin/../lib/gcc/arm-none-eabi/6.3.1/../../../../arm-none-eabi/lib/thumb/v7-m\libcr_c.a(fclose.o) (fflush)
c:/nxp/mcuxpressoide_10.1.1_606/ide/tools/bin/../lib/gcc/arm-none-eabi/6.3.1/../../../../arm-none-eabi/lib/thumb/v7-m\libcr_c.a(fseek.o)
                              c:/nxp/mcuxpressoide_10.1.1_606/ide/tools/bin/../lib/gcc/arm-none-eabi/6.3.1/../../../../arm-none-eabi/lib/thumb/v7-m\libcr_c.a(_fdopen.o) (fseek)
c:/nxp/mcuxpressoide_10.1.1_606/ide/tools/bin/../lib/gcc/arm-none-eabi/6.3.1/../../../../arm-none-eabi/lib/thumb/v7-m\libcr_c.a(ftell.o)
                              c:/nxp/mcuxpressoide_10.1.1_606/ide/tools/bin/../lib/gcc/arm-none-eabi/6.3.1/../../../../arm-none-eabi/lib/thumb/v7-m\libcr_c.a(fseek.o) (ftell)
[...]
Memory Configuration

Name             Origin             Length             Attributes
MFlash512        0x00000000         0x00080000         xr
RamLoc32         0x10000000         0x00008000         xrw
RamAHB32         0x2007c000         0x00008000         xrw
*default*        0x00000000         0xffffffff

Linker script and memory map

LOAD ./freeRTOS/src/FreeRTOSCommonHooks.o
LOAD ./freeRTOS/src/croutine.o
LOAD ./freeRTOS/src/event_groups.o
LOAD ./freeRTOS/src/heap_3.o
LOAD ./freeRTOS/src/list.o
LOAD ./freeRTOS/src/port.o
LOAD ./freeRTOS/src/queue.o
LOAD ./freeRTOS/src/tasks.o
LOAD ./freeRTOS/src/timers.o
LOAD ./Example/src/FRTOS.o
LOAD ./Example/src/cr_startup_lpc175x_6x.o
LOAD ./Example/src/crp.o
LOAD ./Example/src/sysinit.o
LOAD D:\Facultad\Digitales II\Repositorio MCU\lpc_chip_175x_6x\Debug\liblpc_chip_175x_6x.a
START GROUP
LOAD c:/nxp/mcuxpressoide_10.1.1_606/ide/tools/bin/../lib/gcc/arm-none-eabi/6.3.1/../../../../arm-none-eabi/lib/thumb/v7-m\libcr_semihost.a
LOAD c:/nxp/mcuxpressoide_10.1.1_606/ide/tools/bin/../lib/gcc/arm-none-eabi/6.3.1/../../../../arm-none-eabi/lib/thumb/v7-m\libcr_c.a
LOAD c:/nxp/mcuxpressoide_10.1.1_606/ide/tools/bin/../lib/gcc/arm-none-eabi/6.3.1/thumb/v7-m\libcr_eabihelpers.a
END GROUP
                0x00000000                __base_MFlash512 = 0x0
                0x00000000                __base_Flash = 0x0
                0x00080000                __top_MFlash512 = 0x80000
                0x00080000                __top_Flash = 0x80000
                0x10000000                __base_RamLoc32 = 0x10000000
                0x10000000                __base_RAM = 0x10000000
                0x10008000                __top_RamLoc32 = 0x10008000
                0x10008000                __top_RAM = 0x10008000
                0x2007c000                __base_RamAHB32 = 0x2007c000
                0x2007c000                __base_RAM2 = 0x2007c000
                0x20084000                __top_RamAHB32 = 0x20084000
                0x20084000                __top_RAM2 = 0x20084000

.text           0x00000000     0x2bb8
 FILL mask 0xff
                0x00000000                __vectors_start__ = ABSOLUTE (.)
 *(.isr_vector)
 .isr_vector    0x00000000       0xcc ./Example/src/cr_startup_lpc175x_6x.o
                0x00000000                g_pfnVectors
                0x000000cc                . = ALIGN (0x4)
                0x000000cc                __section_table_start = .
                0x000000cc                __data_section_table = .
                0x000000cc        0x4 LONG 0x2bb8 LOADADDR (.data)
                0x000000d0        0x4 LONG 0x10000000 ADDR (.data)
                0x000000d4        0x4 LONG 0x4 SIZEOF (.data)
                0x000000d8        0x4 LONG 0x2bb8 LOADADDR (.data_RAM2)
                0x000000dc        0x4 LONG 0x2007c000 ADDR (.data_RAM2)
                0x000000e0        0x4 LONG 0x0 SIZEOF (.data_RAM2)
                0x000000e4                __data_section_table_end = .
                0x000000e4                __bss_section_table = .
                0x000000e4        0x4 LONG 0x10000004 ADDR (.bss)
                0x000000e8        0x4 LONG 0x30c SIZEOF (.bss)
                0x000000ec        0x4 LONG 0x2007c000 ADDR (.bss_RAM2)
                0x000000f0        0x4 LONG 0x0 SIZEOF (.bss_RAM2)
                0x000000f4                __bss_section_table_end = .
                0x000000f4                __section_table_end = .
 *(.after_vectors*)
 .after_vectors
                0x000000f4      0x12c ./Example/src/cr_startup_lpc175x_6x.o
                0x000000f4                data_init
                0x00000136                bss_init
                0x0000016c                ResetISR
                0x000001e4                NMI_Handler
                0x000001ea                HardFault_Handler
                0x000001f0                MemManage_Handler
                0x000001f6                BusFault_Handler
                0x000001fc                UsageFault_Handler
                0x00000208                DebugMon_Handler
                0x0000021a                UART1_IRQHandler
                0x0000021a                EINT3_IRQHandler
                0x0000021a                I2C1_IRQHandler
                0x0000021a                TIMER3_IRQHandler
                0x0000021a                UART0_IRQHandler
                0x0000021a                USBActivity_IRQHandler
                0x0000021a                CANActivity_IRQHandler
                0x0000021a                EINT2_IRQHandler
                0x0000021a                IntDefaultHandler
                0x0000021a                PLL0_IRQHandler
                0x0000021a                CAN_IRQHandler
                0x0000021a                I2C0_IRQHandler
                0x0000021a                SSP0_IRQHandler
                0x0000021a                I2S_IRQHandler
                0x0000021a                I2C2_IRQHandler
                0x0000021a                RTC_IRQHandler
                0x0000021a                TIMER0_IRQHandler
                0x0000021a                SPI_IRQHandler
                0x0000021a                RIT_IRQHandler
                0x0000021a                EINT1_IRQHandler
                0x0000021a                TIMER1_IRQHandler
                0x0000021a                UART2_IRQHandler
                0x0000021a                ADC_IRQHandler
                0x0000021a                SSP1_IRQHandler
                0x0000021a                USB_IRQHandler
                0x0000021a                BOD_IRQHandler
                0x0000021a                PWM1_IRQHandler
                0x0000021a                WDT_IRQHandler
                0x0000021a                QEI_IRQHandler
                0x0000021a                EINT0_IRQHandler
                0x0000021a                ETH_IRQHandler
                0x0000021a                PLL1_IRQHandler
                0x0000021a                DMA_IRQHandler
                0x0000021a                TIMER2_IRQHandler
                0x0000021a                UART3_IRQHandler
                0x0000021a                MCPWM_IRQHandler
 *(.text*)
 .text.vApplicationTickHook
                0x00000220        0xc ./freeRTOS/src/FreeRTOSCommonHooks.o
                0x00000220                vApplicationTickHook
 .text.pvPortMalloc
                0x0000022c       0x22 ./freeRTOS/src/heap_3.o
                0x0000022c                pvPortMalloc
 .text.vPortFree
                0x0000024e       0x24 ./freeRTOS/src/heap_3.o
                0x0000024e                vPortFree
 .text.vListInitialise
                0x00000272       0x3e ./freeRTOS/src/list.o
                0x00000272                vListInitialise
 .text.vListInitialiseItem
                0x000002b0       0x18 ./freeRTOS/src/list.o
                0x000002b0                vListInitialiseItem
 .text.vListInsertEnd
                0x000002c8       0x46 ./freeRTOS/src/list.o
                0x000002c8                vListInsertEnd
 .text.vListInsert
                0x0000030e       0x70 ./freeRTOS/src/list.o
                0x0000030e                vListInsert
 .text.uxListRemove
                0x0000037e       0x52 ./freeRTOS/src/list.o
                0x0000037e                uxListRemove
 .text.pxPortInitialiseStack
                0x000003d0       0x58 ./freeRTOS/src/port.o
                0x000003d0                pxPortInitialiseStack
 .text.prvTaskExitError
                0x00000428       0x1a ./freeRTOS/src/port.o
 *fill*         0x00000442        0xe ff
 .text.SVC_Handler
                0x00000450       0x28 ./freeRTOS/src/port.o
                0x00000450                SVC_Handler
 .text.prvPortStartFirstTask
                0x00000478       0x20 ./freeRTOS/src/port.o
 .text.xPortStartScheduler
                0x00000498       0x3c ./freeRTOS/src/port.o
                0x00000498                xPortStartScheduler
 .text.vPortEnterCritical
                0x000004d4       0x30 ./freeRTOS/src/port.o
                0x000004d4                vPortEnterCritical
 .text.vPortExitCritical
                0x00000504       0x30 ./freeRTOS/src/port.o
                0x00000504                vPortExitCritical
 *fill*         0x00000534        0xc ff
 .text.PendSV_Handler
                0x00000540       0x48 ./freeRTOS/src/port.o
                0x00000540                PendSV_Handler
 .text.SysTick_Handler
                0x00000588       0x40 ./freeRTOS/src/port.o
                0x00000588                SysTick_Handler
 .text.vPortSuppressTicksAndSleep
                0x000005c8      0x184 ./freeRTOS/src/port.o
                0x000005c8                vPortSuppressTicksAndSleep
 .text.vPortSetupTimerInterrupt
                0x0000074c       0x78 ./freeRTOS/src/port.o
                0x0000074c                vPortSetupTimerInterrupt
 .text.xQueueGenericReset
                0x000007c4       0xb4 ./freeRTOS/src/queue.o
                0x000007c4                xQueueGenericReset
 .text.xQueueGenericCreate
                0x00000878       0x58 ./freeRTOS/src/queue.o
                0x00000878                xQueueGenericCreate
 .text.prvInitialiseNewQueue
                0x000008d0       0x46 ./freeRTOS/src/queue.o
 *fill*         0x00000916        0x2 ff
 .text.xQueueGenericSend
                0x00000918      0x154 ./freeRTOS/src/queue.o
                0x00000918                xQueueGenericSend
 .text.xQueueGenericReceive
                0x00000a6c      0x1b0 ./freeRTOS/src/queue.o
                0x00000a6c                xQueueGenericReceive
 .text.prvCopyDataToQueue
                0x00000c1c       0xd4 ./freeRTOS/src/queue.o
 .text.prvCopyDataFromQueue
                0x00000cf0       0x4c ./freeRTOS/src/queue.o
 .text.prvUnlockQueue
                0x00000d3c       0xa4 ./freeRTOS/src/queue.o
 .text.prvIsQueueEmpty
                0x00000de0       0x2c ./freeRTOS/src/queue.o
 .text.prvIsQueueFull
                0x00000e0c       0x30 ./freeRTOS/src/queue.o
 .text.xTaskCreate
                0x00000e3c       0x82 ./freeRTOS/src/tasks.o
                0x00000e3c                xTaskCreate
 .text.prvInitialiseNewTask
                0x00000ebe       0xee ./freeRTOS/src/tasks.o
 .text.prvAddNewTaskToReadyList
                0x00000fac       0xdc ./freeRTOS/src/tasks.o
 .text.vTaskDelete
                0x00001088       0xfc ./freeRTOS/src/tasks.o
                0x00001088                vTaskDelete
 .text.vTaskDelay
                0x00001184       0x48 ./freeRTOS/src/tasks.o
                0x00001184                vTaskDelay
 .text.vTaskStartScheduler
                0x000011cc       0x6c ./freeRTOS/src/tasks.o
                0x000011cc                vTaskStartScheduler
 .text.vTaskSuspendAll
                0x00001238       0x1c ./freeRTOS/src/tasks.o
                0x00001238                vTaskSuspendAll
 .text.prvGetExpectedIdleTime
                0x00001254       0x74 ./freeRTOS/src/tasks.o
 .text.xTaskResumeAll
                0x000012c8      0x11c ./freeRTOS/src/tasks.o
                0x000012c8                xTaskResumeAll
 .text.vTaskStepTick
                0x000013e4       0x24 ./freeRTOS/src/tasks.o
                0x000013e4                vTaskStepTick
 .text.xTaskIncrementTick
                0x00001408      0x16c ./freeRTOS/src/tasks.o
                0x00001408                xTaskIncrementTick
 .text.vTaskSwitchContext
                0x00001574       0x8c ./freeRTOS/src/tasks.o
                0x00001574                vTaskSwitchContext
 .text.vTaskPlaceOnEventList
                0x00001600       0x2c ./freeRTOS/src/tasks.o
                0x00001600                vTaskPlaceOnEventList
 .text.xTaskRemoveFromEventList
                0x0000162c       0xac ./freeRTOS/src/tasks.o
                0x0000162c                xTaskRemoveFromEventList
 .text.vTaskSetTimeOutState
                0x000016d8       0x2c ./freeRTOS/src/tasks.o
                0x000016d8                vTaskSetTimeOutState
 .text.xTaskCheckForTimeOut
                0x00001704       0x88 ./freeRTOS/src/tasks.o
                0x00001704                xTaskCheckForTimeOut
 .text.vTaskMissedYield
                0x0000178c       0x18 ./freeRTOS/src/tasks.o
                0x0000178c                vTaskMissedYield
 .text.prvIdleTask
                0x000017a4       0x54 ./freeRTOS/src/tasks.o
 .text.eTaskConfirmSleepModeStatus
                0x000017f8       0x5c ./freeRTOS/src/tasks.o
                0x000017f8                eTaskConfirmSleepModeStatus
 .text.prvInitialiseTaskLists
                0x00001854       0x80 ./freeRTOS/src/tasks.o
 .text.prvCheckTasksWaitingTermination
                0x000018d4       0x78 ./freeRTOS/src/tasks.o
 .text.prvDeleteTCB
                0x0000194c       0x20 ./freeRTOS/src/tasks.o
 .text.prvResetNextTaskUnblockTime
                0x0000196c       0x48 ./freeRTOS/src/tasks.o
 .text.vTaskPriorityInherit
                0x000019b4       0xec ./freeRTOS/src/tasks.o
                0x000019b4                vTaskPriorityInherit
 .text.xTaskPriorityDisinherit
                0x00001aa0       0xc8 ./freeRTOS/src/tasks.o
                0x00001aa0                xTaskPriorityDisinherit
 .text.pvTaskIncrementMutexHeldCount
                0x00001b68       0x28 ./freeRTOS/src/tasks.o
                0x00001b68                pvTaskIncrementMutexHeldCount
 .text.prvAddCurrentTaskToDelayedList
                0x00001b90       0xcc ./freeRTOS/src/tasks.o
 .text.Chip_GPIO_Init
                0x00001c5c       0x16 ./Example/src/FRTOS.o
 .text.Chip_GPIO_SetPinState
                0x00001c72       0x68 ./Example/src/FRTOS.o
 .text.Chip_GPIO_GetPinState
                0x00001cda       0x38 ./Example/src/FRTOS.o
 .text.Chip_GPIO_SetPinDIROutput
                0x00001d12       0x38 ./Example/src/FRTOS.o
 .text.Chip_GPIO_SetPinDIRInput
                0x00001d4a       0x3a ./Example/src/FRTOS.o
 .text.Chip_GPIO_SetPinDIR
                0x00001d84       0x42 ./Example/src/FRTOS.o
 .text.Chip_GPIO_SetDir
                0x00001dc6       0x34 ./Example/src/FRTOS.o
 .text.Chip_GPIO_SetPinToggle
                0x00001dfa       0x4c ./Example/src/FRTOS.o
 *fill*         0x00001e46        0x2 ff
 .text.uC_StartUp
                0x00001e48       0x38 ./Example/src/FRTOS.o
                0x00001e48                uC_StartUp
 .text.vTask1   0x00001e80       0x34 ./Example/src/FRTOS.o
 .text.xTask2   0x00001eb4       0x4c ./Example/src/FRTOS.o
 .text.main     0x00001f00       0xcc ./Example/src/FRTOS.o
                0x00001f00                main
 .text.SystemInit
                0x00001fcc       0x24 ./Example/src/sysinit.o
                0x00001fcc                SystemInit
 .text.SystemCoreClockUpdate
                0x00001ff0       0x18 D:\Facultad\Digitales II\Repositorio MCU\lpc_chip_175x_6x\Debug\liblpc_chip_175x_6x.a(chip_17xx_40xx.o)
                0x00001ff0                SystemCoreClockUpdate
 .text.Chip_Clock_IsMainPLLEnabled
                0x00002008       0x24 D:\Facultad\Digitales II\Repositorio MCU\lpc_chip_175x_6x\Debug\liblpc_chip_175x_6x.a(clock_17xx_40xx.o)
 .text.Chip_Clock_IsMainPLLConnected
                0x0000202c       0x24 D:\Facultad\Digitales II\Repositorio MCU\lpc_chip_175x_6x\Debug\liblpc_chip_175x_6x.a(clock_17xx_40xx.o)
 .text.Chip_Clock_FeedPLL
                0x00002050       0x34 D:\Facultad\Digitales II\Repositorio MCU\lpc_chip_175x_6x\Debug\liblpc_chip_175x_6x.a(clock_17xx_40xx.o)
 .text.Chip_Clock_GetMainPLLSource
                0x00002084       0x20 D:\Facultad\Digitales II\Repositorio MCU\lpc_chip_175x_6x\Debug\liblpc_chip_175x_6x.a(clock_17xx_40xx.o)
 .text.Chip_Clock_GetMainOscRate
                0x000020a4       0x14 D:\Facultad\Digitales II\Repositorio MCU\lpc_chip_175x_6x\Debug\liblpc_chip_175x_6x.a(clock_17xx_40xx.o)
 .text.Chip_Clock_GetIntOscRate
                0x000020b8       0x14 D:\Facultad\Digitales II\Repositorio MCU\lpc_chip_175x_6x\Debug\liblpc_chip_175x_6x.a(clock_17xx_40xx.o)
 .text.Chip_Clock_GetRTCOscRate
                0x000020cc       0x14 D:\Facultad\Digitales II\Repositorio MCU\lpc_chip_175x_6x\Debug\liblpc_chip_175x_6x.a(clock_17xx_40xx.o)
 .text.Chip_Clock_GetMainPLLInClockRate
                0x000020e0        0xe D:\Facultad\Digitales II\Repositorio MCU\lpc_chip_175x_6x\Debug\liblpc_chip_175x_6x.a(clock_17xx_40xx.o)
 *fill*         0x000020ee        0x2 ff
 .text.Chip_Clock_EnablePLL
                0x000020f0       0x44 D:\Facultad\Digitales II\Repositorio MCU\lpc_chip_175x_6x\Debug\liblpc_chip_175x_6x.a(clock_17xx_40xx.o)
                0x000020f0                Chip_Clock_EnablePLL
 .text.Chip_Clock_DisablePLL
                0x00002134       0x48 D:\Facultad\Digitales II\Repositorio MCU\lpc_chip_175x_6x\Debug\liblpc_chip_175x_6x.a(clock_17xx_40xx.o)
                0x00002134                Chip_Clock_DisablePLL
 .text.Chip_Clock_SetupPLL
                0x0000217c       0x5c D:\Facultad\Digitales II\Repositorio MCU\lpc_chip_175x_6x\Debug\liblpc_chip_175x_6x.a(clock_17xx_40xx.o)
                0x0000217c                Chip_Clock_SetupPLL
 .text.Chip_Clock_EnablePeriphClock
                0x000021d8       0x34 D:\Facultad\Digitales II\Repositorio MCU\lpc_chip_175x_6x\Debug\liblpc_chip_175x_6x.a(clock_17xx_40xx.o)
                0x000021d8                Chip_Clock_EnablePeriphClock
 .text.Chip_Clock_GetCPUClockSource
                0x0000220c       0x24 D:\Facultad\Digitales II\Repositorio MCU\lpc_chip_175x_6x\Debug\liblpc_chip_175x_6x.a(clock_17xx_40xx.o)
                0x0000220c                Chip_Clock_GetCPUClockSource
 .text.Chip_Clock_SetCPUClockDiv
                0x00002230       0x20 D:\Facultad\Digitales II\Repositorio MCU\lpc_chip_175x_6x\Debug\liblpc_chip_175x_6x.a(clock_17xx_40xx.o)
                0x00002230                Chip_Clock_SetCPUClockDiv
 .text.Chip_Clock_GetCPUClockDiv
                0x00002250       0x1c D:\Facultad\Digitales II\Repositorio MCU\lpc_chip_175x_6x\Debug\liblpc_chip_175x_6x.a(clock_17xx_40xx.o)
                0x00002250                Chip_Clock_GetCPUClockDiv
 .text.Chip_Clock_GetSYSCLKRate
                0x0000226c       0x34 D:\Facultad\Digitales II\Repositorio MCU\lpc_chip_175x_6x\Debug\liblpc_chip_175x_6x.a(clock_17xx_40xx.o)
                0x0000226c                Chip_Clock_GetSYSCLKRate
 .text.Chip_Clock_GetMainPLLOutClockRate
                0x000022a0       0x54 D:\Facultad\Digitales II\Repositorio MCU\lpc_chip_175x_6x\Debug\liblpc_chip_175x_6x.a(clock_17xx_40xx.o)
                0x000022a0                Chip_Clock_GetMainPLLOutClockRate
 .text.Chip_Clock_GetMainClockRate
                0x000022f4       0x28 D:\Facultad\Digitales II\Repositorio MCU\lpc_chip_175x_6x\Debug\liblpc_chip_175x_6x.a(clock_17xx_40xx.o)
                0x000022f4                Chip_Clock_GetMainClockRate
 .text.Chip_Clock_GetSystemClockRate
                0x0000231c       0x18 D:\Facultad\Digitales II\Repositorio MCU\lpc_chip_175x_6x\Debug\liblpc_chip_175x_6x.a(clock_17xx_40xx.o)
                0x0000231c                Chip_Clock_GetSystemClockRate
 .text.Chip_IOCON_PinMux
                0x00002334       0x92 D:\Facultad\Digitales II\Repositorio MCU\lpc_chip_175x_6x\Debug\liblpc_chip_175x_6x.a(iocon_17xx_40xx.o)
                0x00002334                Chip_IOCON_PinMux
 *fill*         0x000023c6        0x2 ff
 .text.Chip_Clock_IsMainPLLEnabled
                0x000023c8       0x24 D:\Facultad\Digitales II\Repositorio MCU\lpc_chip_175x_6x\Debug\liblpc_chip_175x_6x.a(sysinit_17xx_40xx.o)
 .text.Chip_Clock_IsMainPLLLocked
                0x000023ec       0x24 D:\Facultad\Digitales II\Repositorio MCU\lpc_chip_175x_6x\Debug\liblpc_chip_175x_6x.a(sysinit_17xx_40xx.o)
 .text.Chip_Clock_IsMainPLLConnected
                0x00002410       0x24 D:\Facultad\Digitales II\Repositorio MCU\lpc_chip_175x_6x\Debug\liblpc_chip_175x_6x.a(sysinit_17xx_40xx.o)
 .text.Chip_Clock_SetMainPLLSource
                0x00002434       0x20 D:\Facultad\Digitales II\Repositorio MCU\lpc_chip_175x_6x\Debug\liblpc_chip_175x_6x.a(sysinit_17xx_40xx.o)
 .text.Chip_SetupIrcClocking
                0x00002454       0x6a D:\Facultad\Digitales II\Repositorio MCU\lpc_chip_175x_6x\Debug\liblpc_chip_175x_6x.a(sysinit_17xx_40xx.o)
                0x00002454                Chip_SetupIrcClocking
 .text.Chip_SystemInit
                0x000024be        0xc D:\Facultad\Digitales II\Repositorio MCU\lpc_chip_175x_6x\Debug\liblpc_chip_175x_6x.a(sysinit_17xx_40xx.o)
                0x000024be                Chip_SystemInit
 .text.__main   0x000024ca        0xe c:/nxp/mcuxpressoide_10.1.1_606/ide/tools/bin/../lib/gcc/arm-none-eabi/6.3.1/../../../../arm-none-eabi/lib/thumb/v7-m\libcr_semihost.a(_cr__main.o)
                0x000024ca                __CR_SEMIHOST
                0x000024ca                __main
 .text.memcpy   0x000024d8        0x4 c:/nxp/mcuxpressoide_10.1.1_606/ide/tools/bin/../lib/gcc/arm-none-eabi/6.3.1/../../../../arm-none-eabi/lib/thumb/v7-m\libcr_c.a(memcpy.o)
                0x000024d8                memcpy
 .text.memset   0x000024dc        0x4 c:/nxp/mcuxpressoide_10.1.1_606/ide/tools/bin/../lib/gcc/arm-none-eabi/6.3.1/../../../../arm-none-eabi/lib/thumb/v7-m\libcr_c.a(memset.o)
                0x000024dc                memset
 .text.malloc   0x000024e0       0xc4 c:/nxp/mcuxpressoide_10.1.1_606/ide/tools/bin/../lib/gcc/arm-none-eabi/6.3.1/../../../../arm-none-eabi/lib/thumb/v7-m\libcr_c.a(alloc.o)
                0x000024e0                malloc
 .text.free     0x000025a4       0x30 c:/nxp/mcuxpressoide_10.1.1_606/ide/tools/bin/../lib/gcc/arm-none-eabi/6.3.1/../../../../arm-none-eabi/lib/thumb/v7-m\libcr_c.a(alloc.o)
                0x000025a4                free
 .text._initio  0x000025d4       0x78 c:/nxp/mcuxpressoide_10.1.1_606/ide/tools/bin/../lib/gcc/arm-none-eabi/6.3.1/../../../../arm-none-eabi/lib/thumb/v7-m\libcr_c.a(initio.o)
                0x000025d4                _initio
 .text.setvbuf  0x0000264c       0x40 c:/nxp/mcuxpressoide_10.1.1_606/ide/tools/bin/../lib/gcc/arm-none-eabi/6.3.1/../../../../arm-none-eabi/lib/thumb/v7-m\libcr_c.a(setvbuf.o)
                0x0000264c                setvbuf
 .text._sbrk    0x0000268c       0x3c c:/nxp/mcuxpressoide_10.1.1_606/ide/tools/bin/../lib/gcc/arm-none-eabi/6.3.1/../../../../arm-none-eabi/lib/thumb/v7-m\libcr_c.a(_cr_sbrk.o)
                0x0000268c                _sbrk
 .text._fdopen  0x000026c8       0x68 c:/nxp/mcuxpressoide_10.1.1_606/ide/tools/bin/../lib/gcc/arm-none-eabi/6.3.1/../../../../arm-none-eabi/lib/thumb/v7-m\libcr_c.a(_fdopen.o)
                0x000026c8                _fdopen
 .text.fclose   0x00002730       0x58 c:/nxp/mcuxpressoide_10.1.1_606/ide/tools/bin/../lib/gcc/arm-none-eabi/6.3.1/../../../../arm-none-eabi/lib/thumb/v7-m\libcr_c.a(fclose.o)
                0x00002730                fclose
 .text.fflush   0x00002788       0x44 c:/nxp/mcuxpressoide_10.1.1_606/ide/tools/bin/../lib/gcc/arm-none-eabi/6.3.1/../../../../arm-none-eabi/lib/thumb/v7-m\libcr_c.a(fflush.o)
                0x00002788                fflush
 .text.fseek    0x000027cc      0x100 c:/nxp/mcuxpressoide_10.1.1_606/ide/tools/bin/../lib/gcc/arm-none-eabi/6.3.1/../../../../arm-none-eabi/lib/thumb/v7-m\libcr_c.a(fseek.o)
                0x000027cc                fseek
 .text.ftell    0x000028cc       0x48 c:/nxp/mcuxpressoide_10.1.1_606/ide/tools/bin/../lib/gcc/arm-none-eabi/6.3.1/../../../../arm-none-eabi/lib/thumb/v7-m\libcr_c.a(ftell.o)
                0x000028cc                ftell
 .text.remove   0x00002914       0x14 c:/nxp/mcuxpressoide_10.1.1_606/ide/tools/bin/../lib/gcc/arm-none-eabi/6.3.1/../../../../arm-none-eabi/lib/thumb/v7-m\libcr_c.a(remove.o)
                0x00002914                remove
 .text.strlen   0x00002928       0x4a c:/nxp/mcuxpressoide_10.1.1_606/ide/tools/bin/../lib/gcc/arm-none-eabi/6.3.1/../../../../arm-none-eabi/lib/thumb/v7-m\libcr_c.a(strlen.o)
                0x00002928                strlen
 *fill*         0x00002972        0x2 ff
 .text.__check_heap_overflow
                0x00002974       0x18 c:/nxp/mcuxpressoide_10.1.1_606/ide/tools/bin/../lib/gcc/arm-none-eabi/6.3.1/../../../../arm-none-eabi/lib/thumb/v7-m\libcr_c.a(_cr_check_heap.o)
                0x00002974                __check_heap_overflow
 .text._do_fflush
                0x0000298c       0x40 c:/nxp/mcuxpressoide_10.1.1_606/ide/tools/bin/../lib/gcc/arm-none-eabi/6.3.1/../../../../arm-none-eabi/lib/thumb/v7-m\libcr_c.a(_do_fflush.o)
                0x0000298c                _do_fflush
 .text._fflush  0x000029cc       0x54 c:/nxp/mcuxpressoide_10.1.1_606/ide/tools/bin/../lib/gcc/arm-none-eabi/6.3.1/../../../../arm-none-eabi/lib/thumb/v7-m\libcr_c.a(_fflush.o)
                0x000029cc                _fflush
 .text._Cwritebuf
                0x00002a20       0x6c c:/nxp/mcuxpressoide_10.1.1_606/ide/tools/bin/../lib/gcc/arm-none-eabi/6.3.1/../../../../arm-none-eabi/lib/thumb/v7-m\libcr_c.a(_writebuf.o)
                0x00002a20                _Cwritebuf
 .text._deferredlazyseek
                0x00002a8c       0x40 c:/nxp/mcuxpressoide_10.1.1_606/ide/tools/bin/../lib/gcc/arm-none-eabi/6.3.1/../../../../arm-none-eabi/lib/thumb/v7-m\libcr_c.a(_deferredlazyseek.o)
                0x00002a8c                _deferredlazyseek
 .text.__aeabi_memcpy
                0x00002acc       0x34 c:/nxp/mcuxpressoide_10.1.1_606/ide/tools/bin/../lib/gcc/arm-none-eabi/6.3.1/thumb/v7-m\libcr_eabihelpers.a(memcpy.o)
                0x00002acc                __aeabi_memcpy
                0x00002ad6                __aeabi_memcpy8
                0x00002ad6                __aeabi_memcpy4
 .text.__aeabi_memset_lowlevel
                0x00002b00       0x32 c:/nxp/mcuxpressoide_10.1.1_606/ide/tools/bin/../lib/gcc/arm-none-eabi/6.3.1/thumb/v7-m\libcr_eabihelpers.a(memcpy.o)
                0x00002b00                __aeabi_lowlevel_memset
 .text.__sys_close
                0x00002b32        0xc c:/nxp/mcuxpressoide_10.1.1_606/ide/tools/bin/../lib/gcc/arm-none-eabi/6.3.1/../../../../arm-none-eabi/lib/thumb/v7-m\libcr_semihost.a(__sys_close.o)
                0x00002b32                __sys_close
 .text.__sys_flen
                0x00002b3e        0xc c:/nxp/mcuxpressoide_10.1.1_606/ide/tools/bin/../lib/gcc/arm-none-eabi/6.3.1/../../../../arm-none-eabi/lib/thumb/v7-m\libcr_semihost.a(__sys_flen.o)
                0x00002b3e                __sys_flen
 .text.__sys_istty
                0x00002b4a        0xc c:/nxp/mcuxpressoide_10.1.1_606/ide/tools/bin/../lib/gcc/arm-none-eabi/6.3.1/../../../../arm-none-eabi/lib/thumb/v7-m\libcr_semihost.a(__sys_istty.o)
                0x00002b4a                __sys_istty
 .text.__sys_remove
                0x00002b56        0xc c:/nxp/mcuxpressoide_10.1.1_606/ide/tools/bin/../lib/gcc/arm-none-eabi/6.3.1/../../../../arm-none-eabi/lib/thumb/v7-m\libcr_semihost.a(__sys_remove.o)
                0x00002b56                __sys_remove
 .text.__sys_seek
                0x00002b62        0xc c:/nxp/mcuxpressoide_10.1.1_606/ide/tools/bin/../lib/gcc/arm-none-eabi/6.3.1/../../../../arm-none-eabi/lib/thumb/v7-m\libcr_semihost.a(__sys_seek.o)
                0x00002b62                __sys_seek
 .text.__sys_tmpnam
                0x00002b6e        0xc c:/nxp/mcuxpressoide_10.1.1_606/ide/tools/bin/../lib/gcc/arm-none-eabi/6.3.1/../../../../arm-none-eabi/lib/thumb/v7-m\libcr_semihost.a(__sys_tmpnam.o)
                0x00002b6e                __sys_tmpnam
 .text.__sys_write
                0x00002b7a        0xc c:/nxp/mcuxpressoide_10.1.1_606/ide/tools/bin/../lib/gcc/arm-none-eabi/6.3.1/../../../../arm-none-eabi/lib/thumb/v7-m\libcr_semihost.a(__sys_write.o)
                0x00002b7a                __sys_write
 *(.rodata .rodata.* .constdata .constdata.*)
 *fill*         0x00002b86        0x2 ff
 .rodata        0x00002b88        0x5 ./freeRTOS/src/tasks.o
 *fill*         0x00002b8d        0x3 ff
 .rodata        0x00002b90       0x16 ./Example/src/FRTOS.o
 *fill*         0x00002ba6        0x2 ff
 .rodata.OscRateIn
                0x00002ba8        0x4 ./Example/src/sysinit.o
                0x00002ba8                OscRateIn
 .rodata.RTCOscRateIn
                0x00002bac        0x4 ./Example/src/sysinit.o
                0x00002bac                RTCOscRateIn
 .rodata._initio.str1.1
                0x00002bb0        0x4 c:/nxp/mcuxpressoide_10.1.1_606/ide/tools/bin/../lib/gcc/arm-none-eabi/6.3.1/../../../../arm-none-eabi/lib/thumb/v7-m\libcr_c.a(initio.o)
 .rodata.__num_Ciob_streams
                0x00002bb4        0x4 c:/nxp/mcuxpressoide_10.1.1_606/ide/tools/bin/../lib/gcc/arm-none-eabi/6.3.1/../../../../arm-none-eabi/lib/thumb/v7-m\libcr_semihost.a(__ciob.o)
                0x00002bb4                __num_Ciob_streams
                0x00002bb8                . = ALIGN (0x4)

.glue_7         0x00002bb8        0x0
 .glue_7        0x00002bb8        0x0 linker stubs

.glue_7t        0x00002bb8        0x0
 .glue_7t       0x00002bb8        0x0 linker stubs

.vfp11_veneer   0x00002bb8        0x0
 .vfp11_veneer  0x00002bb8        0x0 linker stubs

.v4_bx          0x00002bb8        0x0
 .v4_bx         0x00002bb8        0x0 linker stubs

.iplt           0x00002bb8        0x0
 .iplt          0x00002bb8        0x0 ./freeRTOS/src/FreeRTOSCommonHooks.o

.rel.dyn        0x00002bb8        0x0
 .rel.iplt      0x00002bb8        0x0 ./freeRTOS/src/FreeRTOSCommonHooks.o

.ARM.extab
 *(.ARM.extab* .gnu.linkonce.armextab.*)
                0x00002bb8                __exidx_start = .

.ARM.exidx
 *(.ARM.exidx* .gnu.linkonce.armexidx.*)
                0x00002bb8                __exidx_end = .
                0x00002bb8                _etext = .

.data_RAM2      0x2007c000        0x0 load address 0x00002bb8
 FILL mask 0xff
                [!provide]                PROVIDE (__start_data_RAM2, .)
 *(.ramfunc.$RAM2)
 *(.ramfunc.$RamAHB32)
 *(.data.$RAM2*)
 *(.data.$RamAHB32*)
                0x2007c000                . = ALIGN (0x4)
                [!provide]                PROVIDE (__end_data_RAM2, .)

.uninit_RESERVED
                0x10000000        0x0
 *(.bss.$RESERVED*)
                0x10000000                . = ALIGN (0x4)
                0x10000000                _end_uninit_RESERVED = .

.data           0x10000000        0x4 load address 0x00002bb8
 FILL mask 0xff
                0x10000000                _data = .
 *(vtable)
 *(.ramfunc*)
 *(.data*)
 .data.uxCriticalNesting
                0x10000000        0x4 ./freeRTOS/src/port.o
                0x10000004                . = ALIGN (0x4)
                0x10000004                _edata = .

.igot.plt       0x10000004        0x0 load address 0x00002bbc
 .igot.plt      0x10000004        0x0 ./freeRTOS/src/FreeRTOSCommonHooks.o

.bss_RAM2       0x2007c000        0x0
                [!provide]                PROVIDE (__start_bss_RAM2, .)
 *(.bss.$RAM2*)
 *(.bss.$RamAHB32*)
                0x2007c000                . = ALIGN ((. != 0x0)?0x4:0x1)
                [!provide]                PROVIDE (__end_bss_RAM2, .)

.bss            0x10000004      0x30c
                0x10000004                _bss = .
 *(.bss*)
 .bss.ulTimerCountsForOneTick
                0x10000004        0x4 ./freeRTOS/src/port.o
 .bss.xMaximumPossibleSuppressedTicks
                0x10000008        0x4 ./freeRTOS/src/port.o
 .bss.ulStoppedTimerCompensation
                0x1000000c        0x4 ./freeRTOS/src/port.o
 .bss.pxCurrentTCB
                0x10000010        0x4 ./freeRTOS/src/tasks.o
                0x10000010                pxCurrentTCB
 .bss.pxReadyTasksLists
                0x10000014       0x64 ./freeRTOS/src/tasks.o
 .bss.xDelayedTaskList1
                0x10000078       0x14 ./freeRTOS/src/tasks.o
 .bss.xDelayedTaskList2
                0x1000008c       0x14 ./freeRTOS/src/tasks.o
 .bss.pxDelayedTaskList
                0x100000a0        0x4 ./freeRTOS/src/tasks.o
 .bss.pxOverflowDelayedTaskList
                0x100000a4        0x4 ./freeRTOS/src/tasks.o
 .bss.xPendingReadyList
                0x100000a8       0x14 ./freeRTOS/src/tasks.o
 .bss.xTasksWaitingTermination
                0x100000bc       0x14 ./freeRTOS/src/tasks.o
 .bss.uxDeletedTasksWaitingCleanUp
                0x100000d0        0x4 ./freeRTOS/src/tasks.o
 .bss.xSuspendedTaskList
                0x100000d4       0x14 ./freeRTOS/src/tasks.o
 .bss.uxCurrentNumberOfTasks
                0x100000e8        0x4 ./freeRTOS/src/tasks.o
 .bss.xTickCount
                0x100000ec        0x4 ./freeRTOS/src/tasks.o
 .bss.uxTopReadyPriority
                0x100000f0        0x4 ./freeRTOS/src/tasks.o
 .bss.xSchedulerRunning
                0x100000f4        0x4 ./freeRTOS/src/tasks.o
 .bss.uxPendedTicks
                0x100000f8        0x4 ./freeRTOS/src/tasks.o
 .bss.xYieldPending
                0x100000fc        0x4 ./freeRTOS/src/tasks.o
 .bss.xNumOfOverflows
                0x10000100        0x4 ./freeRTOS/src/tasks.o
 .bss.uxTaskNumber
                0x10000104        0x4 ./freeRTOS/src/tasks.o
 .bss.xNextTaskUnblockTime
                0x10000108        0x4 ./freeRTOS/src/tasks.o
 .bss.xIdleTaskHandle
                0x1000010c        0x4 ./freeRTOS/src/tasks.o
 .bss.uxSchedulerSuspended
                0x10000110        0x4 ./freeRTOS/src/tasks.o
 .bss.Semaforo_1
                0x10000114        0x4 ./Example/src/FRTOS.o
                0x10000114                Semaforo_1
 .bss.Semaforo_2
                0x10000118        0x4 ./Example/src/FRTOS.o
                0x10000118                Semaforo_2
 .bss.Cola_1    0x1000011c        0x4 ./Example/src/FRTOS.o
                0x1000011c                Cola_1
 .bss.__end_of_heap
                0x10000120        0x4 c:/nxp/mcuxpressoide_10.1.1_606/ide/tools/bin/../lib/gcc/arm-none-eabi/6.3.1/../../../../arm-none-eabi/lib/thumb/v7-m\libcr_c.a(__init_alloc.o)
                0x10000120                __end_of_heap
 .bss.__heaps   0x10000124        0x4 c:/nxp/mcuxpressoide_10.1.1_606/ide/tools/bin/../lib/gcc/arm-none-eabi/6.3.1/../../../../arm-none-eabi/lib/thumb/v7-m\libcr_c.a(__init_alloc.o)
                0x10000124                __heaps
 .bss.errno     0x10000128        0x4 c:/nxp/mcuxpressoide_10.1.1_606/ide/tools/bin/../lib/gcc/arm-none-eabi/6.3.1/../../../../arm-none-eabi/lib/thumb/v7-m\libcr_c.a(errno.o)
                0x10000128                errno
 .bss.__Ciob    0x1000012c      0x1e0 c:/nxp/mcuxpressoide_10.1.1_606/ide/tools/bin/../lib/gcc/arm-none-eabi/6.3.1/../../../../arm-none-eabi/lib/thumb/v7-m\libcr_semihost.a(__ciob.o)
                0x1000012c                __Ciob
 *(COMMON)
 COMMON         0x1000030c        0x4 D:\Facultad\Digitales II\Repositorio MCU\lpc_chip_175x_6x\Debug\liblpc_chip_175x_6x.a(chip_17xx_40xx.o)
                0x1000030c                SystemCoreClock
                0x10000310                . = ALIGN (0x4)
                0x10000310                _ebss = .
                [!provide]                PROVIDE (end, .)

.noinit_RAM2    0x2007c000        0x0
 *(.noinit.$RAM2*)
 *(.noinit.$RamAHB32*)
                0x2007c000                . = ALIGN (0x4)

.noinit         0x10000310        0x0
                0x10000310                _noinit = .
 *(.noinit*)
                0x10000310                . = ALIGN (0x4)
                0x10000310                _end_noinit = .
                0x10000310                PROVIDE (_pvHeapStart, DEFINED (__user_heap_base)?__user_heap_base:.)
                0x10008000                PROVIDE (_vStackTop, DEFINED (__user_stack_top)?__user_stack_top:(__top_RamLoc32 - 0x0))
                0xefff74de                PROVIDE (__valid_user_code_checksum, (0x0 - ((((((_vStackTop + (ResetISR + 0x1)) + (NMI_Handler + 0x1)) + (HardFault_Handler + 0x1)) + (DEFINED (MemManage_Handler)?MemManage_Handler:0x0 + 0x1)) + (DEFINED (BusFault_Handler)?BusFault_Handler:0x0 + 0x1)) + (DEFINED (UsageFault_Handler)?UsageFault_Handler:0x0 + 0x1))))
                0x00000000                _image_start = LOADADDR (.text)
                0x00002bbc                _image_end = (LOADADDR (.data) + SIZEOF (.data))
                0x00002bbc                _image_size = (_image_end - _image_start)
OUTPUT(EjemploColaTarea.axf elf32-littlearm)

.debug_info     0x00000000     0x5739
 .debug_info    0x00000000      0x25e ./freeRTOS/src/FreeRTOSCommonHooks.o
 .debug_info    0x0000025e      0x132 ./freeRTOS/src/heap_3.o
 .debug_info    0x00000390      0x2d6 ./freeRTOS/src/list.o
 .debug_info    0x00000666      0x3e7 ./freeRTOS/src/port.o
 .debug_info    0x00000a4d      0xf58 ./freeRTOS/src/queue.o
 .debug_info    0x000019a5     0x19ae ./freeRTOS/src/tasks.o
 .debug_info    0x00003353      0x6f0 ./Example/src/FRTOS.o
 .debug_info    0x00003a43      0x25c ./Example/src/cr_startup_lpc175x_6x.o
 .debug_info    0x00003c9f      0x200 ./Example/src/sysinit.o
 .debug_info    0x00003e9f      0x55a D:\Facultad\Digitales II\Repositorio MCU\lpc_chip_175x_6x\Debug\liblpc_chip_175x_6x.a(chip_17xx_40xx.o)
 .debug_info    0x000043f9      0xba2 D:\Facultad\Digitales II\Repositorio MCU\lpc_chip_175x_6x\Debug\liblpc_chip_175x_6x.a(clock_17xx_40xx.o)
 .debug_info    0x00004f9b      0x325 D:\Facultad\Digitales II\Repositorio MCU\lpc_chip_175x_6x\Debug\liblpc_chip_175x_6x.a(iocon_17xx_40xx.o)
 .debug_info    0x000052c0      0x479 D:\Facultad\Digitales II\Repositorio MCU\lpc_chip_175x_6x\Debug\liblpc_chip_175x_6x.a(sysinit_17xx_40xx.o)

.debug_abbrev   0x00000000     0x15f9
 .debug_abbrev  0x00000000      0x17b ./freeRTOS/src/FreeRTOSCommonHooks.o
 .debug_abbrev  0x0000017b       0xe2 ./freeRTOS/src/heap_3.o
 .debug_abbrev  0x0000025d      0x112 ./freeRTOS/src/list.o
 .debug_abbrev  0x0000036f      0x231 ./freeRTOS/src/port.o
 .debug_abbrev  0x000005a0      0x242 ./freeRTOS/src/queue.o
 .debug_abbrev  0x000007e2      0x2fc ./freeRTOS/src/tasks.o
 .debug_abbrev  0x00000ade      0x20a ./Example/src/FRTOS.o
 .debug_abbrev  0x00000ce8      0x114 ./Example/src/cr_startup_lpc175x_6x.o
 .debug_abbrev  0x00000dfc       0xdb ./Example/src/sysinit.o
 .debug_abbrev  0x00000ed7      0x14d D:\Facultad\Digitales II\Repositorio MCU\lpc_chip_175x_6x\Debug\liblpc_chip_175x_6x.a(chip_17xx_40xx.o)
 .debug_abbrev  0x00001024      0x301 D:\Facultad\Digitales II\Repositorio MCU\lpc_chip_175x_6x\Debug\liblpc_chip_175x_6x.a(clock_17xx_40xx.o)
 .debug_abbrev  0x00001325      0x14a D:\Facultad\Digitales II\Repositorio MCU\lpc_chip_175x_6x\Debug\liblpc_chip_175x_6x.a(iocon_17xx_40xx.o)
 .debug_abbrev  0x0000146f      0x18a D:\Facultad\Digitales II\Repositorio MCU\lpc_chip_175x_6x\Debug\liblpc_chip_175x_6x.a(sysinit_17xx_40xx.o)

.debug_aranges  0x00000000      0x718
 .debug_aranges
                0x00000000       0x40 ./freeRTOS/src/FreeRTOSCommonHooks.o
 .debug_aranges
                0x00000040       0x28 ./freeRTOS/src/heap_3.o
 .debug_aranges
                0x00000068       0x40 ./freeRTOS/src/list.o
 .debug_aranges
                0x000000a8       0x78 ./freeRTOS/src/port.o
 .debug_aranges
                0x00000120      0x110 ./freeRTOS/src/queue.o
 .debug_aranges
                0x00000230      0x1e8 ./freeRTOS/src/tasks.o
 .debug_aranges
                0x00000418       0x78 ./Example/src/FRTOS.o
 .debug_aranges
                0x00000490       0x80 ./Example/src/cr_startup_lpc175x_6x.o
 .debug_aranges
                0x00000510       0x20 ./Example/src/sysinit.o
 .debug_aranges
                0x00000530       0x38 D:\Facultad\Digitales II\Repositorio MCU\lpc_chip_175x_6x\Debug\liblpc_chip_175x_6x.a(chip_17xx_40xx.o)
 .debug_aranges
                0x00000568      0x120 D:\Facultad\Digitales II\Repositorio MCU\lpc_chip_175x_6x\Debug\liblpc_chip_175x_6x.a(clock_17xx_40xx.o)
 .debug_aranges
                0x00000688       0x30 D:\Facultad\Digitales II\Repositorio MCU\lpc_chip_175x_6x\Debug\liblpc_chip_175x_6x.a(iocon_17xx_40xx.o)
 .debug_aranges
                0x000006b8       0x60 D:\Facultad\Digitales II\Repositorio MCU\lpc_chip_175x_6x\Debug\liblpc_chip_175x_6x.a(sysinit_17xx_40xx.o)

.debug_ranges   0x00000000      0x648
 .debug_ranges  0x00000000       0x30 ./freeRTOS/src/FreeRTOSCommonHooks.o
 .debug_ranges  0x00000030       0x18 ./freeRTOS/src/heap_3.o
 .debug_ranges  0x00000048       0x30 ./freeRTOS/src/list.o
 .debug_ranges  0x00000078       0x68 ./freeRTOS/src/port.o
 .debug_ranges  0x000000e0      0x100 ./freeRTOS/src/queue.o
 .debug_ranges  0x000001e0      0x1d8 ./freeRTOS/src/tasks.o
 .debug_ranges  0x000003b8       0x68 ./Example/src/FRTOS.o
 .debug_ranges  0x00000420       0x70 ./Example/src/cr_startup_lpc175x_6x.o
 .debug_ranges  0x00000490       0x10 ./Example/src/sysinit.o
 .debug_ranges  0x000004a0       0x28 D:\Facultad\Digitales II\Repositorio MCU\lpc_chip_175x_6x\Debug\liblpc_chip_175x_6x.a(chip_17xx_40xx.o)
 .debug_ranges  0x000004c8      0x110 D:\Facultad\Digitales II\Repositorio MCU\lpc_chip_175x_6x\Debug\liblpc_chip_175x_6x.a(clock_17xx_40xx.o)
 .debug_ranges  0x000005d8       0x20 D:\Facultad\Digitales II\Repositorio MCU\lpc_chip_175x_6x\Debug\liblpc_chip_175x_6x.a(iocon_17xx_40xx.o)
 .debug_ranges  0x000005f8       0x50 D:\Facultad\Digitales II\Repositorio MCU\lpc_chip_175x_6x\Debug\liblpc_chip_175x_6x.a(sysinit_17xx_40xx.o)

.debug_macro    0x00000000     0x5f7c
 .debug_macro   0x00000000      0x24f ./freeRTOS/src/FreeRTOSCommonHooks.o
 .debug_macro   0x0000024f      0x8d4 ./freeRTOS/src/FreeRTOSCommonHooks.o
 .debug_macro   0x00000b23       0x10 ./freeRTOS/src/FreeRTOSCommonHooks.o
 .debug_macro   0x00000b33      0x12d ./freeRTOS/src/FreeRTOSCommonHooks.o
 .debug_macro   0x00000c60       0x16 ./freeRTOS/src/FreeRTOSCommonHooks.o
 .debug_macro   0x00000c76      0x5b2 ./freeRTOS/src/FreeRTOSCommonHooks.o
 .debug_macro   0x00001228       0xe8 ./freeRTOS/src/FreeRTOSCommonHooks.o
 .debug_macro   0x00001310      0x168 ./freeRTOS/src/FreeRTOSCommonHooks.o
 .debug_macro   0x00001478       0xe4 ./freeRTOS/src/FreeRTOSCommonHooks.o
 .debug_macro   0x0000155c       0x10 ./freeRTOS/src/FreeRTOSCommonHooks.o
 .debug_macro   0x0000156c       0x1f ./freeRTOS/src/FreeRTOSCommonHooks.o
 .debug_macro   0x0000158b      0x3f3 ./freeRTOS/src/FreeRTOSCommonHooks.o
 .debug_macro   0x0000197e       0xc0 ./freeRTOS/src/FreeRTOSCommonHooks.o
 .debug_macro   0x00001a3e       0x8c ./freeRTOS/src/FreeRTOSCommonHooks.o
 .debug_macro   0x00001aca       0x22 ./freeRTOS/src/FreeRTOSCommonHooks.o
 .debug_macro   0x00001aec       0x74 ./freeRTOS/src/FreeRTOSCommonHooks.o
 .debug_macro   0x00001b60       0x10 ./freeRTOS/src/FreeRTOSCommonHooks.o
 .debug_macro   0x00001b70       0x2d ./freeRTOS/src/FreeRTOSCommonHooks.o
 .debug_macro   0x00001b9d       0x3a ./freeRTOS/src/FreeRTOSCommonHooks.o
 .debug_macro   0x00001bd7       0x2d ./freeRTOS/src/FreeRTOSCommonHooks.o
 .debug_macro   0x00001c04      0xbb1 ./freeRTOS/src/FreeRTOSCommonHooks.o
 .debug_macro   0x000027b5      0x22c ./freeRTOS/src/FreeRTOSCommonHooks.o
 .debug_macro   0x000029e1       0x42 ./freeRTOS/src/FreeRTOSCommonHooks.o
 .debug_macro   0x00002a23       0x52 ./freeRTOS/src/FreeRTOSCommonHooks.o
 .debug_macro   0x00002a75       0x78 ./freeRTOS/src/FreeRTOSCommonHooks.o
 .debug_macro   0x00002aed       0x82 ./freeRTOS/src/FreeRTOSCommonHooks.o
 .debug_macro   0x00002b6f      0x48c ./freeRTOS/src/FreeRTOSCommonHooks.o
 .debug_macro   0x00002ffb       0x34 ./freeRTOS/src/FreeRTOSCommonHooks.o
 .debug_macro   0x0000302f      0x4c5 ./freeRTOS/src/FreeRTOSCommonHooks.o
 .debug_macro   0x000034f4      0x1b7 ./freeRTOS/src/FreeRTOSCommonHooks.o
 .debug_macro   0x000036ab       0x10 ./freeRTOS/src/FreeRTOSCommonHooks.o
 .debug_macro   0x000036bb      0x21b ./freeRTOS/src/FreeRTOSCommonHooks.o
 .debug_macro   0x000038d6      0x1b9 ./freeRTOS/src/FreeRTOSCommonHooks.o
 .debug_macro   0x00003a8f       0x40 ./freeRTOS/src/FreeRTOSCommonHooks.o
 .debug_macro   0x00003acf       0x22 ./freeRTOS/src/FreeRTOSCommonHooks.o
 .debug_macro   0x00003af1      0x162 ./freeRTOS/src/FreeRTOSCommonHooks.o
 .debug_macro   0x00003c53       0x94 ./freeRTOS/src/FreeRTOSCommonHooks.o
 .debug_macro   0x00003ce7       0xb8 ./freeRTOS/src/FreeRTOSCommonHooks.o
 .debug_macro   0x00003d9f       0x4c ./freeRTOS/src/FreeRTOSCommonHooks.o
 .debug_macro   0x00003deb       0x16 ./freeRTOS/src/FreeRTOSCommonHooks.o
 .debug_macro   0x00003e01      0x328 ./freeRTOS/src/FreeRTOSCommonHooks.o
 .debug_macro   0x00004129       0x49 ./freeRTOS/src/FreeRTOSCommonHooks.o
 .debug_macro   0x00004172       0x16 ./freeRTOS/src/FreeRTOSCommonHooks.o
 .debug_macro   0x00004188       0xca ./freeRTOS/src/FreeRTOSCommonHooks.o
 .debug_macro   0x00004252       0x11 ./freeRTOS/src/FreeRTOSCommonHooks.o
 .debug_macro   0x00004263       0xd4 ./freeRTOS/src/heap_3.o
 .debug_macro   0x00004337       0xb9 ./freeRTOS/src/list.o
 .debug_macro   0x000043f0      0x159 ./freeRTOS/src/port.o
 .debug_macro   0x00004549      0x122 ./freeRTOS/src/queue.o
 .debug_macro   0x0000466b       0x94 ./freeRTOS/src/queue.o
 .debug_macro   0x000046ff      0x185 ./freeRTOS/src/tasks.o
 .debug_macro   0x00004884       0x11 ./freeRTOS/src/tasks.o
 .debug_macro   0x00004895      0x282 ./Example/src/FRTOS.o
 .debug_macro   0x00004b17       0x7b ./Example/src/FRTOS.o
 .debug_macro   0x00004b92       0x18 ./Example/src/FRTOS.o
 .debug_macro   0x00004baa       0x10 ./Example/src/FRTOS.o
 .debug_macro   0x00004bba       0xe8 ./Example/src/FRTOS.o
 .debug_macro   0x00004ca2       0x78 ./Example/src/FRTOS.o
 .debug_macro   0x00004d1a       0x82 ./Example/src/FRTOS.o
 .debug_macro   0x00004d9c       0x1d ./Example/src/cr_startup_lpc175x_6x.o
 .debug_macro   0x00004db9      0x1cd ./Example/src/sysinit.o
 .debug_macro   0x00004f86      0x1cd D:\Facultad\Digitales II\Repositorio MCU\lpc_chip_175x_6x\Debug\liblpc_chip_175x_6x.a(chip_17xx_40xx.o)
 .debug_macro   0x00005153      0x8c2 D:\Facultad\Digitales II\Repositorio MCU\lpc_chip_175x_6x\Debug\liblpc_chip_175x_6x.a(chip_17xx_40xx.o)
 .debug_macro   0x00005a15      0x1cd D:\Facultad\Digitales II\Repositorio MCU\lpc_chip_175x_6x\Debug\liblpc_chip_175x_6x.a(clock_17xx_40xx.o)
 .debug_macro   0x00005be2      0x1cd D:\Facultad\Digitales II\Repositorio MCU\lpc_chip_175x_6x\Debug\liblpc_chip_175x_6x.a(iocon_17xx_40xx.o)
 .debug_macro   0x00005daf      0x1cd D:\Facultad\Digitales II\Repositorio MCU\lpc_chip_175x_6x\Debug\liblpc_chip_175x_6x.a(sysinit_17xx_40xx.o)

.debug_line     0x00000000     0x3ec5
 .debug_line    0x00000000      0x58a ./freeRTOS/src/FreeRTOSCommonHooks.o
 .debug_line    0x0000058a      0x227 ./freeRTOS/src/heap_3.o
 .debug_line    0x000007b1      0x275 ./freeRTOS/src/list.o
 .debug_line    0x00000a26      0x34e ./freeRTOS/src/port.o
 .debug_line    0x00000d74      0x66d ./freeRTOS/src/queue.o
 .debug_line    0x000013e1      0xbb8 ./freeRTOS/src/tasks.o
 .debug_line    0x00001f99      0x667 ./Example/src/FRTOS.o
 .debug_line    0x00002600       0xdb ./Example/src/cr_startup_lpc175x_6x.o
 .debug_line    0x000026db      0x3fc ./Example/src/sysinit.o
 .debug_line    0x00002ad7      0x444 D:\Facultad\Digitales II\Repositorio MCU\lpc_chip_175x_6x\Debug\liblpc_chip_175x_6x.a(chip_17xx_40xx.o)
 .debug_line    0x00002f1b      0x6c0 D:\Facultad\Digitales II\Repositorio MCU\lpc_chip_175x_6x\Debug\liblpc_chip_175x_6x.a(clock_17xx_40xx.o)
 .debug_line    0x000035db      0x430 D:\Facultad\Digitales II\Repositorio MCU\lpc_chip_175x_6x\Debug\liblpc_chip_175x_6x.a(iocon_17xx_40xx.o)
 .debug_line    0x00003a0b      0x4ba D:\Facultad\Digitales II\Repositorio MCU\lpc_chip_175x_6x\Debug\liblpc_chip_175x_6x.a(sysinit_17xx_40xx.o)

.debug_str      0x00000000    0x18e98
 .debug_str     0x00000000    0x13a98 ./freeRTOS/src/FreeRTOSCommonHooks.o
                              0x13b97 (size before relaxing)
 .debug_str     0x00013a98      0x103 ./freeRTOS/src/heap_3.o
                               0x7291 (size before relaxing)
 .debug_str     0x00013b9b      0x139 ./freeRTOS/src/list.o
                               0x6da1 (size before relaxing)
 .debug_str     0x00013cd4      0x75a ./freeRTOS/src/port.o
                               0x7974 (size before relaxing)
 .debug_str     0x0001442e      0xf75 ./freeRTOS/src/queue.o
                               0x831d (size before relaxing)
 .debug_str     0x000153a3     0x1b51 ./freeRTOS/src/tasks.o
                               0x907b (size before relaxing)
 .debug_str     0x00016ef4     0x11a3 ./Example/src/FRTOS.o
                              0x1546e (size before relaxing)
 .debug_str     0x00018097      0x1b3 ./Example/src/cr_startup_lpc175x_6x.o
                               0x2765 (size before relaxing)
 .debug_str     0x0001824a       0x23 ./Example/src/sysinit.o
                              0x10787 (size before relaxing)
 .debug_str     0x0001826d      0x26c D:\Facultad\Digitales II\Repositorio MCU\lpc_chip_175x_6x\Debug\liblpc_chip_175x_6x.a(chip_17xx_40xx.o)
                              0x10b90 (size before relaxing)
 .debug_str     0x000184d9      0x857 D:\Facultad\Digitales II\Repositorio MCU\lpc_chip_175x_6x\Debug\liblpc_chip_175x_6x.a(clock_17xx_40xx.o)
                              0x1120e (size before relaxing)
 .debug_str     0x00018d30       0xa4 D:\Facultad\Digitales II\Repositorio MCU\lpc_chip_175x_6x\Debug\liblpc_chip_175x_6x.a(iocon_17xx_40xx.o)
                              0x1068b (size before relaxing)
 .debug_str     0x00018dd4       0xc4 D:\Facultad\Digitales II\Repositorio MCU\lpc_chip_175x_6x\Debug\liblpc_chip_175x_6x.a(sysinit_17xx_40xx.o)
                              0x10873 (size before relaxing)

.comment        0x00000000       0x7f
 .comment       0x00000000       0x7f ./freeRTOS/src/FreeRTOSCommonHooks.o
                                 0x80 (size before relaxing)
 .comment       0x0000007f       0x80 ./freeRTOS/src/heap_3.o
 .comment       0x0000007f       0x80 ./freeRTOS/src/list.o
 .comment       0x0000007f       0x80 ./freeRTOS/src/port.o
 .comment       0x0000007f       0x80 ./freeRTOS/src/queue.o
 .comment       0x0000007f       0x80 ./freeRTOS/src/tasks.o
 .comment       0x0000007f       0x80 ./Example/src/FRTOS.o
 .comment       0x0000007f       0x80 ./Example/src/cr_startup_lpc175x_6x.o
 .comment       0x0000007f       0x80 ./Example/src/sysinit.o
 .comment       0x0000007f       0x80 D:\Facultad\Digitales II\Repositorio MCU\lpc_chip_175x_6x\Debug\liblpc_chip_175x_6x.a(chip_17xx_40xx.o)
 .comment       0x0000007f       0x80 D:\Facultad\Digitales II\Repositorio MCU\lpc_chip_175x_6x\Debug\liblpc_chip_175x_6x.a(clock_17xx_40xx.o)
 .comment       0x0000007f       0x80 D:\Facultad\Digitales II\Repositorio MCU\lpc_chip_175x_6x\Debug\liblpc_chip_175x_6x.a(iocon_17xx_40xx.o)
 .comment       0x0000007f       0x80 D:\Facultad\Digitales II\Repositorio MCU\lpc_chip_175x_6x\Debug\liblpc_chip_175x_6x.a(sysinit_17xx_40xx.o)
 .comment       0x0000007f       0x80 c:/nxp/mcuxpressoide_10.1.1_606/ide/tools/bin/../lib/gcc/arm-none-eabi/6.3.1/../../../../arm-none-eabi/lib/thumb/v7-m\libcr_semihost.a(_cr__main.o)
 .comment       0x0000007f       0x80 c:/nxp/mcuxpressoide_10.1.1_606/ide/tools/bin/../lib/gcc/arm-none-eabi/6.3.1/../../../../arm-none-eabi/lib/thumb/v7-m\libcr_c.a(memcpy.o)
 .comment       0x0000007f       0x80 c:/nxp/mcuxpressoide_10.1.1_606/ide/tools/bin/../lib/gcc/arm-none-eabi/6.3.1/../../../../arm-none-eabi/lib/thumb/v7-m\libcr_c.a(memset.o)
 .comment       0x0000007f       0x80 c:/nxp/mcuxpressoide_10.1.1_606/ide/tools/bin/../lib/gcc/arm-none-eabi/6.3.1/../../../../arm-none-eabi/lib/thumb/v7-m\libcr_c.a(alloc.o)
 .comment       0x0000007f       0x80 c:/nxp/mcuxpressoide_10.1.1_606/ide/tools/bin/../lib/gcc/arm-none-eabi/6.3.1/../../../../arm-none-eabi/lib/thumb/v7-m\libcr_c.a(initio.o)
 .comment       0x0000007f       0x80 c:/nxp/mcuxpressoide_10.1.1_606/ide/tools/bin/../lib/gcc/arm-none-eabi/6.3.1/../../../../arm-none-eabi/lib/thumb/v7-m\libcr_c.a(setvbuf.o)
 .comment       0x0000007f       0x80 c:/nxp/mcuxpressoide_10.1.1_606/ide/tools/bin/../lib/gcc/arm-none-eabi/6.3.1/../../../../arm-none-eabi/lib/thumb/v7-m\libcr_c.a(__init_alloc.o)
 .comment       0x0000007f       0x80 c:/nxp/mcuxpressoide_10.1.1_606/ide/tools/bin/../lib/gcc/arm-none-eabi/6.3.1/../../../../arm-none-eabi/lib/thumb/v7-m\libcr_c.a(_cr_sbrk.o)
 .comment       0x0000007f       0x80 c:/nxp/mcuxpressoide_10.1.1_606/ide/tools/bin/../lib/gcc/arm-none-eabi/6.3.1/../../../../arm-none-eabi/lib/thumb/v7-m\libcr_c.a(_fdopen.o)
 .comment       0x0000007f       0x80 c:/nxp/mcuxpressoide_10.1.1_606/ide/tools/bin/../lib/gcc/arm-none-eabi/6.3.1/../../../../arm-none-eabi/lib/thumb/v7-m\libcr_c.a(errno.o)
 .comment       0x0000007f       0x80 c:/nxp/mcuxpressoide_10.1.1_606/ide/tools/bin/../lib/gcc/arm-none-eabi/6.3.1/../../../../arm-none-eabi/lib/thumb/v7-m\libcr_c.a(fclose.o)
 .comment       0x0000007f       0x80 c:/nxp/mcuxpressoide_10.1.1_606/ide/tools/bin/../lib/gcc/arm-none-eabi/6.3.1/../../../../arm-none-eabi/lib/thumb/v7-m\libcr_c.a(fflush.o)
 .comment       0x0000007f       0x80 c:/nxp/mcuxpressoide_10.1.1_606/ide/tools/bin/../lib/gcc/arm-none-eabi/6.3.1/../../../../arm-none-eabi/lib/thumb/v7-m\libcr_c.a(fseek.o)
 .comment       0x0000007f       0x80 c:/nxp/mcuxpressoide_10.1.1_606/ide/tools/bin/../lib/gcc/arm-none-eabi/6.3.1/../../../../arm-none-eabi/lib/thumb/v7-m\libcr_c.a(ftell.o)
 .comment       0x0000007f       0x80 c:/nxp/mcuxpressoide_10.1.1_606/ide/tools/bin/../lib/gcc/arm-none-eabi/6.3.1/../../../../arm-none-eabi/lib/thumb/v7-m\libcr_c.a(remove.o)
 .comment       0x0000007f       0x80 c:/nxp/mcuxpressoide_10.1.1_606/ide/tools/bin/../lib/gcc/arm-none-eabi/6.3.1/../../../../arm-none-eabi/lib/thumb/v7-m\libcr_c.a(strlen.o)
 .comment       0x0000007f       0x80 c:/nxp/mcuxpressoide_10.1.1_606/ide/tools/bin/../lib/gcc/arm-none-eabi/6.3.1/../../../../arm-none-eabi/lib/thumb/v7-m\libcr_c.a(_cr_check_heap.o)
 .comment       0x0000007f       0x80 c:/nxp/mcuxpressoide_10.1.1_606/ide/tools/bin/../lib/gcc/arm-none-eabi/6.3.1/../../../../arm-none-eabi/lib/thumb/v7-m\libcr_c.a(_do_fflush.o)
 .comment       0x0000007f       0x80 c:/nxp/mcuxpressoide_10.1.1_606/ide/tools/bin/../lib/gcc/arm-none-eabi/6.3.1/../../../../arm-none-eabi/lib/thumb/v7-m\libcr_c.a(_fflush.o)
 .comment       0x0000007f       0x80 c:/nxp/mcuxpressoide_10.1.1_606/ide/tools/bin/../lib/gcc/arm-none-eabi/6.3.1/../../../../arm-none-eabi/lib/thumb/v7-m\libcr_c.a(_writebuf.o)
 .comment       0x0000007f       0x80 c:/nxp/mcuxpressoide_10.1.1_606/ide/tools/bin/../lib/gcc/arm-none-eabi/6.3.1/../../../../arm-none-eabi/lib/thumb/v7-m\libcr_c.a(_deferredlazyseek.o)
 .comment       0x0000007f       0x80 c:/nxp/mcuxpressoide_10.1.1_606/ide/tools/bin/../lib/gcc/arm-none-eabi/6.3.1/../../../../arm-none-eabi/lib/thumb/v7-m\libcr_semihost.a(__ciob.o)

.ARM.attributes
                0x00000000       0x31
 .ARM.attributes
                0x00000000       0x33 ./freeRTOS/src/FreeRTOSCommonHooks.o
 .ARM.attributes
                0x00000033       0x33 ./freeRTOS/src/heap_3.o
 .ARM.attributes
                0x00000066       0x33 ./freeRTOS/src/list.o
 .ARM.attributes
                0x00000099       0x33 ./freeRTOS/src/port.o
 .ARM.attributes
                0x000000cc       0x33 ./freeRTOS/src/queue.o
 .ARM.attributes
                0x000000ff       0x33 ./freeRTOS/src/tasks.o
 .ARM.attributes
                0x00000132       0x33 ./Example/src/FRTOS.o
 .ARM.attributes
                0x00000165       0x33 ./Example/src/cr_startup_lpc175x_6x.o
 .ARM.attributes
                0x00000198       0x33 ./Example/src/sysinit.o
 .ARM.attributes
                0x000001cb       0x33 D:\Facultad\Digitales II\Repositorio MCU\lpc_chip_175x_6x\Debug\liblpc_chip_175x_6x.a(chip_17xx_40xx.o)
 .ARM.attributes
                0x000001fe       0x33 D:\Facultad\Digitales II\Repositorio MCU\lpc_chip_175x_6x\Debug\liblpc_chip_175x_6x.a(clock_17xx_40xx.o)
 .ARM.attributes
                0x00000231       0x33 D:\Facultad\Digitales II\Repositorio MCU\lpc_chip_175x_6x\Debug\liblpc_chip_175x_6x.a(iocon_17xx_40xx.o)
 .ARM.attributes
                0x00000264       0x33 D:\Facultad\Digitales II\Repositorio MCU\lpc_chip_175x_6x\Debug\liblpc_chip_175x_6x.a(sysinit_17xx_40xx.o)
 .ARM.attributes
                0x00000297       0x33 c:/nxp/mcuxpressoide_10.1.1_606/ide/tools/bin/../lib/gcc/arm-none-eabi/6.3.1/../../../../arm-none-eabi/lib/thumb/v7-m\libcr_semihost.a(_cr__main.o)
 .ARM.attributes
                0x000002ca       0x33 c:/nxp/mcuxpressoide_10.1.1_606/ide/tools/bin/../lib/gcc/arm-none-eabi/6.3.1/../../../../arm-none-eabi/lib/thumb/v7-m\libcr_c.a(memcpy.o)
 .ARM.attributes
                0x000002fd       0x33 c:/nxp/mcuxpressoide_10.1.1_606/ide/tools/bin/../lib/gcc/arm-none-eabi/6.3.1/../../../../arm-none-eabi/lib/thumb/v7-m\libcr_c.a(memset.o)
 .ARM.attributes
                0x00000330       0x33 c:/nxp/mcuxpressoide_10.1.1_606/ide/tools/bin/../lib/gcc/arm-none-eabi/6.3.1/../../../../arm-none-eabi/lib/thumb/v7-m\libcr_c.a(alloc.o)
 .ARM.attributes
                0x00000363       0x33 c:/nxp/mcuxpressoide_10.1.1_606/ide/tools/bin/../lib/gcc/arm-none-eabi/6.3.1/../../../../arm-none-eabi/lib/thumb/v7-m\libcr_c.a(initio.o)
 .ARM.attributes
                0x00000396       0x33 c:/nxp/mcuxpressoide_10.1.1_606/ide/tools/bin/../lib/gcc/arm-none-eabi/6.3.1/../../../../arm-none-eabi/lib/thumb/v7-m\libcr_c.a(setvbuf.o)
 .ARM.attributes
                0x000003c9       0x33 c:/nxp/mcuxpressoide_10.1.1_606/ide/tools/bin/../lib/gcc/arm-none-eabi/6.3.1/../../../../arm-none-eabi/lib/thumb/v7-m\libcr_c.a(__init_alloc.o)
 .ARM.attributes
                0x000003fc       0x33 c:/nxp/mcuxpressoide_10.1.1_606/ide/tools/bin/../lib/gcc/arm-none-eabi/6.3.1/../../../../arm-none-eabi/lib/thumb/v7-m\libcr_c.a(_cr_sbrk.o)
 .ARM.attributes
                0x0000042f       0x33 c:/nxp/mcuxpressoide_10.1.1_606/ide/tools/bin/../lib/gcc/arm-none-eabi/6.3.1/../../../../arm-none-eabi/lib/thumb/v7-m\libcr_c.a(_fdopen.o)
 .ARM.attributes
                0x00000462       0x33 c:/nxp/mcuxpressoide_10.1.1_606/ide/tools/bin/../lib/gcc/arm-none-eabi/6.3.1/../../../../arm-none-eabi/lib/thumb/v7-m\libcr_c.a(errno.o)
 .ARM.attributes
                0x00000495       0x33 c:/nxp/mcuxpressoide_10.1.1_606/ide/tools/bin/../lib/gcc/arm-none-eabi/6.3.1/../../../../arm-none-eabi/lib/thumb/v7-m\libcr_c.a(fclose.o)
 .ARM.attributes
                0x000004c8       0x33 c:/nxp/mcuxpressoide_10.1.1_606/ide/tools/bin/../lib/gcc/arm-none-eabi/6.3.1/../../../../arm-none-eabi/lib/thumb/v7-m\libcr_c.a(fflush.o)
 .ARM.attributes
                0x000004fb       0x33 c:/nxp/mcuxpressoide_10.1.1_606/ide/tools/bin/../lib/gcc/arm-none-eabi/6.3.1/../../../../arm-none-eabi/lib/thumb/v7-m\libcr_c.a(fseek.o)
 .ARM.attributes
                0x0000052e       0x33 c:/nxp/mcuxpressoide_10.1.1_606/ide/tools/bin/../lib/gcc/arm-none-eabi/6.3.1/../../../../arm-none-eabi/lib/thumb/v7-m\libcr_c.a(ftell.o)
 .ARM.attributes
                0x00000561       0x33 c:/nxp/mcuxpressoide_10.1.1_606/ide/tools/bin/../lib/gcc/arm-none-eabi/6.3.1/../../../../arm-none-eabi/lib/thumb/v7-m\libcr_c.a(remove.o)
 .ARM.attributes
                0x00000594       0x33 c:/nxp/mcuxpressoide_10.1.1_606/ide/tools/bin/../lib/gcc/arm-none-eabi/6.3.1/../../../../arm-none-eabi/lib/thumb/v7-m\libcr_c.a(strlen.o)
 .ARM.attributes
                0x000005c7       0x33 c:/nxp/mcuxpressoide_10.1.1_606/ide/tools/bin/../lib/gcc/arm-none-eabi/6.3.1/../../../../arm-none-eabi/lib/thumb/v7-m\libcr_c.a(_cr_check_heap.o)
 .ARM.attributes
                0x000005fa       0x33 c:/nxp/mcuxpressoide_10.1.1_606/ide/tools/bin/../lib/gcc/arm-none-eabi/6.3.1/../../../../arm-none-eabi/lib/thumb/v7-m\libcr_c.a(_do_fflush.o)
 .ARM.attributes
                0x0000062d       0x33 c:/nxp/mcuxpressoide_10.1.1_606/ide/tools/bin/../lib/gcc/arm-none-eabi/6.3.1/../../../../arm-none-eabi/lib/thumb/v7-m\libcr_c.a(_fflush.o)
 .ARM.attributes
                0x00000660       0x33 c:/nxp/mcuxpressoide_10.1.1_606/ide/tools/bin/../lib/gcc/arm-none-eabi/6.3.1/../../../../arm-none-eabi/lib/thumb/v7-m\libcr_c.a(_writebuf.o)
 .ARM.attributes
                0x00000693       0x33 c:/nxp/mcuxpressoide_10.1.1_606/ide/tools/bin/../lib/gcc/arm-none-eabi/6.3.1/../../../../arm-none-eabi/lib/thumb/v7-m\libcr_c.a(_deferredlazyseek.o)
 .ARM.attributes
                0x000006c6       0x21 c:/nxp/mcuxpressoide_10.1.1_606/ide/tools/bin/../lib/gcc/arm-none-eabi/6.3.1/thumb/v7-m\libcr_eabihelpers.a(memcpy.o)
 .ARM.attributes
                0x000006e7       0x33 c:/nxp/mcuxpressoide_10.1.1_606/ide/tools/bin/../lib/gcc/arm-none-eabi/6.3.1/../../../../arm-none-eabi/lib/thumb/v7-m\libcr_semihost.a(__ciob.o)
 .ARM.attributes
                0x0000071a       0x21 c:/nxp/mcuxpressoide_10.1.1_606/ide/tools/bin/../lib/gcc/arm-none-eabi/6.3.1/../../../../arm-none-eabi/lib/thumb/v7-m\libcr_semihost.a(__sys_close.o)
 .ARM.attributes
                0x0000073b       0x21 c:/nxp/mcuxpressoide_10.1.1_606/ide/tools/bin/../lib/gcc/arm-none-eabi/6.3.1/../../../../arm-none-eabi/lib/thumb/v7-m\libcr_semihost.a(__sys_flen.o)
 .ARM.attributes
                0x0000075c       0x21 c:/nxp/mcuxpressoide_10.1.1_606/ide/tools/bin/../lib/gcc/arm-none-eabi/6.3.1/../../../../arm-none-eabi/lib/thumb/v7-m\libcr_semihost.a(__sys_istty.o)
 .ARM.attributes
                0x0000077d       0x21 c:/nxp/mcuxpressoide_10.1.1_606/ide/tools/bin/../lib/gcc/arm-none-eabi/6.3.1/../../../../arm-none-eabi/lib/thumb/v7-m\libcr_semihost.a(__sys_remove.o)
 .ARM.attributes
                0x0000079e       0x21 c:/nxp/mcuxpressoide_10.1.1_606/ide/tools/bin/../lib/gcc/arm-none-eabi/6.3.1/../../../../arm-none-eabi/lib/thumb/v7-m\libcr_semihost.a(__sys_seek.o)
 .ARM.attributes
                0x000007bf       0x21 c:/nxp/mcuxpressoide_10.1.1_606/ide/tools/bin/../lib/gcc/arm-none-eabi/6.3.1/../../../../arm-none-eabi/lib/thumb/v7-m\libcr_semihost.a(__sys_tmpnam.o)
 .ARM.attributes
                0x000007e0       0x21 c:/nxp/mcuxpressoide_10.1.1_606/ide/tools/bin/../lib/gcc/arm-none-eabi/6.3.1/../../../../arm-none-eabi/lib/thumb/v7-m\libcr_semihost.a(__sys_write.o)

.debug_frame    0x00000000     0x1a88
 .debug_frame   0x00000000       0xb4 ./freeRTOS/src/FreeRTOSCommonHooks.o
 .debug_frame   0x000000b4       0x58 ./freeRTOS/src/heap_3.o
 .debug_frame   0x0000010c       0xd8 ./freeRTOS/src/list.o
 .debug_frame   0x000001e4      0x178 ./freeRTOS/src/port.o
 .debug_frame   0x0000035c      0x498 ./freeRTOS/src/queue.o
 .debug_frame   0x000007f4      0x864 ./freeRTOS/src/tasks.o
 .debug_frame   0x00001058      0x1c8 ./Example/src/FRTOS.o
 .debug_frame   0x00001220      0x170 ./Example/src/cr_startup_lpc175x_6x.o
 .debug_frame   0x00001390       0x34 ./Example/src/sysinit.o
 .debug_frame   0x000013c4       0x88 D:\Facultad\Digitales II\Repositorio MCU\lpc_chip_175x_6x\Debug\liblpc_chip_175x_6x.a(chip_17xx_40xx.o)
 .debug_frame   0x0000144c      0x490 D:\Facultad\Digitales II\Repositorio MCU\lpc_chip_175x_6x\Debug\liblpc_chip_175x_6x.a(clock_17xx_40xx.o)
 .debug_frame   0x000018dc       0x80 D:\Facultad\Digitales II\Repositorio MCU\lpc_chip_175x_6x\Debug\liblpc_chip_175x_6x.a(iocon_17xx_40xx.o)
 .debug_frame   0x0000195c      0x12c D:\Facultad\Digitales II\Repositorio MCU\lpc_chip_175x_6x\Debug\liblpc_chip_175x_6x.a(sysinit_17xx_40xx.o)
