Archive member included to satisfy reference by file (symbol)

C:\Users\unknown\Documents\LPCWorkspace\lpc_chip_175x_6x\Debug\liblpc_chip_175x_6x.a(chip_17xx_40xx.o)
                              ./freeRTOS/src/port.o (SystemCoreClock)
C:\Users\unknown\Documents\LPCWorkspace\lpc_chip_175x_6x\Debug\liblpc_chip_175x_6x.a(clock_17xx_40xx.o)
                              C:\Users\unknown\Documents\LPCWorkspace\lpc_chip_175x_6x\Debug\liblpc_chip_175x_6x.a(chip_17xx_40xx.o) (Chip_Clock_EnablePLL)
C:\Users\unknown\Documents\LPCWorkspace\lpc_chip_175x_6x\Debug\liblpc_chip_175x_6x.a(iocon_17xx_40xx.o)
                              ./Example/src/FRTOS.o (Chip_IOCON_PinMux)
C:\Users\unknown\Documents\LPCWorkspace\lpc_chip_175x_6x\Debug\liblpc_chip_175x_6x.a(sysinit_17xx_40xx.o)
                              ./Example/src/sysinit.o (Chip_SystemInit)
c:/nxp/mcuxpressoide_10.2.0_759/ide/tools/bin/../lib/gcc/arm-none-eabi/7.2.1/../../../../arm-none-eabi/lib/thumb/v7-m\libcr_semihost.a(_cr__main.o)
                              ./Example/src/cr_startup_lpc175x_6x.o (__main)
c:/nxp/mcuxpressoide_10.2.0_759/ide/tools/bin/../lib/gcc/arm-none-eabi/7.2.1/../../../../arm-none-eabi/lib/thumb/v7-m\libcr_c.a(memcpy.o)
                              ./freeRTOS/src/queue.o (memcpy)
c:/nxp/mcuxpressoide_10.2.0_759/ide/tools/bin/../lib/gcc/arm-none-eabi/7.2.1/../../../../arm-none-eabi/lib/thumb/v7-m\libcr_c.a(memset.o)
                              ./freeRTOS/src/tasks.o (memset)
c:/nxp/mcuxpressoide_10.2.0_759/ide/tools/bin/../lib/gcc/arm-none-eabi/7.2.1/../../../../arm-none-eabi/lib/thumb/v7-m\libcr_c.a(alloc.o)
                              ./freeRTOS/src/heap_3.o (malloc)
c:/nxp/mcuxpressoide_10.2.0_759/ide/tools/bin/../lib/gcc/arm-none-eabi/7.2.1/../../../../arm-none-eabi/lib/thumb/v7-m\libcr_c.a(fpprintf.o)
                              ./Example/src/FRTOS.o (printf)
c:/nxp/mcuxpressoide_10.2.0_759/ide/tools/bin/../lib/gcc/arm-none-eabi/7.2.1/../../../../arm-none-eabi/lib/thumb/v7-m\libcr_c.a(initio.o)
                              c:/nxp/mcuxpressoide_10.2.0_759/ide/tools/bin/../lib/gcc/arm-none-eabi/7.2.1/../../../../arm-none-eabi/lib/thumb/v7-m\libcr_semihost.a(_cr__main.o) (_initio)
c:/nxp/mcuxpressoide_10.2.0_759/ide/tools/bin/../lib/gcc/arm-none-eabi/7.2.1/../../../../arm-none-eabi/lib/thumb/v7-m\libcr_c.a(printf.o)
                              c:/nxp/mcuxpressoide_10.2.0_759/ide/tools/bin/../lib/gcc/arm-none-eabi/7.2.1/../../../../arm-none-eabi/lib/thumb/v7-m\libcr_c.a(fpprintf.o) (__vfprintf)
c:/nxp/mcuxpressoide_10.2.0_759/ide/tools/bin/../lib/gcc/arm-none-eabi/7.2.1/../../../../arm-none-eabi/lib/thumb/v7-m\libcr_c.a(setvbuf.o)
                              c:/nxp/mcuxpressoide_10.2.0_759/ide/tools/bin/../lib/gcc/arm-none-eabi/7.2.1/../../../../arm-none-eabi/lib/thumb/v7-m\libcr_c.a(initio.o) (setvbuf)
c:/nxp/mcuxpressoide_10.2.0_759/ide/tools/bin/../lib/gcc/arm-none-eabi/7.2.1/../../../../arm-none-eabi/lib/thumb/v7-m\libcr_c.a(strlen.o)
                              c:/nxp/mcuxpressoide_10.2.0_759/ide/tools/bin/../lib/gcc/arm-none-eabi/7.2.1/../../../../arm-none-eabi/lib/thumb/v7-m\libcr_c.a(printf.o) (strlen)
c:/nxp/mcuxpressoide_10.2.0_759/ide/tools/bin/../lib/gcc/arm-none-eabi/7.2.1/../../../../arm-none-eabi/lib/thumb/v7-m\libcr_c.a(__init_alloc.o)
                              c:/nxp/mcuxpressoide_10.2.0_759/ide/tools/bin/../lib/gcc/arm-none-eabi/7.2.1/../../../../arm-none-eabi/lib/thumb/v7-m\libcr_c.a(alloc.o) (__heaps)
c:/nxp/mcuxpressoide_10.2.0_759/ide/tools/bin/../lib/gcc/arm-none-eabi/7.2.1/../../../../arm-none-eabi/lib/thumb/v7-m\libcr_c.a(_cr_sbrk.o)
                              c:/nxp/mcuxpressoide_10.2.0_759/ide/tools/bin/../lib/gcc/arm-none-eabi/7.2.1/../../../../arm-none-eabi/lib/thumb/v7-m\libcr_c.a(alloc.o) (_sbrk)
c:/nxp/mcuxpressoide_10.2.0_759/ide/tools/bin/../lib/gcc/arm-none-eabi/7.2.1/../../../../arm-none-eabi/lib/thumb/v7-m\libcr_c.a(_deferredlazyseek.o)
                              c:/nxp/mcuxpressoide_10.2.0_759/ide/tools/bin/../lib/gcc/arm-none-eabi/7.2.1/../../../../arm-none-eabi/lib/thumb/v7-m\libcr_c.a(fpprintf.o) (__flsbuf)
c:/nxp/mcuxpressoide_10.2.0_759/ide/tools/bin/../lib/gcc/arm-none-eabi/7.2.1/../../../../arm-none-eabi/lib/thumb/v7-m\libcr_c.a(_fdopen.o)
                              c:/nxp/mcuxpressoide_10.2.0_759/ide/tools/bin/../lib/gcc/arm-none-eabi/7.2.1/../../../../arm-none-eabi/lib/thumb/v7-m\libcr_c.a(initio.o) (_fdopen)
c:/nxp/mcuxpressoide_10.2.0_759/ide/tools/bin/../lib/gcc/arm-none-eabi/7.2.1/../../../../arm-none-eabi/lib/thumb/v7-m\libcr_c.a(_fflush.o)
                              c:/nxp/mcuxpressoide_10.2.0_759/ide/tools/bin/../lib/gcc/arm-none-eabi/7.2.1/../../../../arm-none-eabi/lib/thumb/v7-m\libcr_c.a(_deferredlazyseek.o) (_fflush)
c:/nxp/mcuxpressoide_10.2.0_759/ide/tools/bin/../lib/gcc/arm-none-eabi/7.2.1/../../../../arm-none-eabi/lib/thumb/v7-m\libcr_c.a(_frexpl.o)
[...]
Memory Configuration

Name             Origin             Length             Attributes
MFlash512        0x00000000         0x00080000         xr
RamLoc32         0x10000000         0x00008000         xrw
RamAHB32         0x2007c000         0x00008000         xrw
*default*        0x00000000         0xffffffff

Linker script and memory map

LOAD ./freeRTOS/src/FreeRTOSCommonHooks.o
LOAD ./freeRTOS/src/croutine.o
LOAD ./freeRTOS/src/event_groups.o
LOAD ./freeRTOS/src/heap_3.o
LOAD ./freeRTOS/src/list.o
LOAD ./freeRTOS/src/port.o
LOAD ./freeRTOS/src/queue.o
LOAD ./freeRTOS/src/tasks.o
LOAD ./freeRTOS/src/timers.o
LOAD ./Example/src/FRTOS.o
LOAD ./Example/src/cr_startup_lpc175x_6x.o
LOAD ./Example/src/crp.o
LOAD ./Example/src/sysinit.o
LOAD C:\Users\unknown\Documents\LPCWorkspace\lpc_chip_175x_6x\Debug\liblpc_chip_175x_6x.a
START GROUP
LOAD c:/nxp/mcuxpressoide_10.2.0_759/ide/tools/bin/../lib/gcc/arm-none-eabi/7.2.1/../../../../arm-none-eabi/lib/thumb/v7-m\libcr_semihost.a
LOAD c:/nxp/mcuxpressoide_10.2.0_759/ide/tools/bin/../lib/gcc/arm-none-eabi/7.2.1/../../../../arm-none-eabi/lib/thumb/v7-m\libcr_c.a
LOAD c:/nxp/mcuxpressoide_10.2.0_759/ide/tools/bin/../lib/gcc/arm-none-eabi/7.2.1/thumb/v7-m\libcr_eabihelpers.a
END GROUP
                0x00000000                __base_MFlash512 = 0x0
                0x00000000                __base_Flash = 0x0
                0x00080000                __top_MFlash512 = 0x80000
                0x00080000                __top_Flash = 0x80000
                0x10000000                __base_RamLoc32 = 0x10000000
                0x10000000                __base_RAM = 0x10000000
                0x10008000                __top_RamLoc32 = 0x10008000
                0x10008000                __top_RAM = 0x10008000
                0x2007c000                __base_RamAHB32 = 0x2007c000
                0x2007c000                __base_RAM2 = 0x2007c000
                0x20084000                __top_RamAHB32 = 0x20084000
                0x20084000                __top_RAM2 = 0x20084000

.text           0x00000000     0x4e04
 FILL mask 0xff
                0x00000000                __vectors_start__ = ABSOLUTE (.)
 *(.isr_vector)
 .isr_vector    0x00000000       0xcc ./Example/src/cr_startup_lpc175x_6x.o
                0x00000000                g_pfnVectors
                0x000000cc                . = ALIGN (0x4)
                0x000000cc                __section_table_start = .
                0x000000cc                __data_section_table = .
                0x000000cc        0x4 LONG 0x4e04 LOADADDR (.data)
                0x000000d0        0x4 LONG 0x10000000 ADDR (.data)
                0x000000d4        0x4 LONG 0x4 SIZEOF (.data)
                0x000000d8        0x4 LONG 0x4e04 LOADADDR (.data_RAM2)
                0x000000dc        0x4 LONG 0x2007c000 ADDR (.data_RAM2)
                0x000000e0        0x4 LONG 0x0 SIZEOF (.data_RAM2)
                0x000000e4                __data_section_table_end = .
                0x000000e4                __bss_section_table = .
                0x000000e4        0x4 LONG 0x10000004 ADDR (.bss)
                0x000000e8        0x4 LONG 0x30c SIZEOF (.bss)
                0x000000ec        0x4 LONG 0x2007c000 ADDR (.bss_RAM2)
                0x000000f0        0x4 LONG 0x0 SIZEOF (.bss_RAM2)
                0x000000f4                __bss_section_table_end = .
                0x000000f4                __section_table_end = .
 *(.after_vectors*)
 .after_vectors
                0x000000f4      0x12c ./Example/src/cr_startup_lpc175x_6x.o
                0x000000f4                data_init
                0x00000136                bss_init
                0x0000016c                ResetISR
                0x000001e4                NMI_Handler
                0x000001ea                HardFault_Handler
                0x000001f0                MemManage_Handler
                0x000001f6                BusFault_Handler
                0x000001fc                UsageFault_Handler
                0x00000208                DebugMon_Handler
                0x0000021a                UART1_IRQHandler
                0x0000021a                EINT3_IRQHandler
                0x0000021a                I2C1_IRQHandler
                0x0000021a                TIMER3_IRQHandler
                0x0000021a                UART0_IRQHandler
                0x0000021a                USBActivity_IRQHandler
                0x0000021a                CANActivity_IRQHandler
                0x0000021a                EINT2_IRQHandler
                0x0000021a                IntDefaultHandler
                0x0000021a                PLL0_IRQHandler
                0x0000021a                CAN_IRQHandler
                0x0000021a                I2C0_IRQHandler
                0x0000021a                SSP0_IRQHandler
                0x0000021a                I2S_IRQHandler
                0x0000021a                I2C2_IRQHandler
                0x0000021a                RTC_IRQHandler
                0x0000021a                TIMER0_IRQHandler
                0x0000021a                SPI_IRQHandler
                0x0000021a                RIT_IRQHandler
                0x0000021a                EINT1_IRQHandler
                0x0000021a                TIMER1_IRQHandler
                0x0000021a                UART2_IRQHandler
                0x0000021a                ADC_IRQHandler
                0x0000021a                SSP1_IRQHandler
                0x0000021a                USB_IRQHandler
                0x0000021a                BOD_IRQHandler
                0x0000021a                PWM1_IRQHandler
                0x0000021a                WDT_IRQHandler
                0x0000021a                QEI_IRQHandler
                0x0000021a                EINT0_IRQHandler
                0x0000021a                ETH_IRQHandler
                0x0000021a                PLL1_IRQHandler
                0x0000021a                DMA_IRQHandler
                0x0000021a                TIMER2_IRQHandler
                0x0000021a                UART3_IRQHandler
                0x0000021a                MCPWM_IRQHandler
 *(.text*)
 .text.vApplicationTickHook
                0x00000220        0xc ./freeRTOS/src/FreeRTOSCommonHooks.o
                0x00000220                vApplicationTickHook
 .text.pvPortMalloc
                0x0000022c       0x22 ./freeRTOS/src/heap_3.o
                0x0000022c                pvPortMalloc
 .text.vPortFree
                0x0000024e       0x24 ./freeRTOS/src/heap_3.o
                0x0000024e                vPortFree
 .text.vListInitialise
                0x00000272       0x3e ./freeRTOS/src/list.o
                0x00000272                vListInitialise
 .text.vListInitialiseItem
                0x000002b0       0x18 ./freeRTOS/src/list.o
                0x000002b0                vListInitialiseItem
 .text.vListInsertEnd
                0x000002c8       0x46 ./freeRTOS/src/list.o
                0x000002c8                vListInsertEnd
 .text.vListInsert
                0x0000030e       0x70 ./freeRTOS/src/list.o
                0x0000030e                vListInsert
 .text.uxListRemove
                0x0000037e       0x52 ./freeRTOS/src/list.o
                0x0000037e                uxListRemove
 .text.pxPortInitialiseStack
                0x000003d0       0x58 ./freeRTOS/src/port.o
                0x000003d0                pxPortInitialiseStack
 .text.prvTaskExitError
                0x00000428       0x1a ./freeRTOS/src/port.o
 *fill*         0x00000442        0xe ff
 .text.SVC_Handler
                0x00000450       0x28 ./freeRTOS/src/port.o
                0x00000450                SVC_Handler
 .text.prvPortStartFirstTask
                0x00000478       0x20 ./freeRTOS/src/port.o
 .text.xPortStartScheduler
                0x00000498       0x3c ./freeRTOS/src/port.o
                0x00000498                xPortStartScheduler
 .text.vPortEnterCritical
                0x000004d4       0x30 ./freeRTOS/src/port.o
                0x000004d4                vPortEnterCritical
 .text.vPortExitCritical
                0x00000504       0x30 ./freeRTOS/src/port.o
                0x00000504                vPortExitCritical
 *fill*         0x00000534        0xc ff
 .text.PendSV_Handler
                0x00000540       0x48 ./freeRTOS/src/port.o
                0x00000540                PendSV_Handler
 .text.SysTick_Handler
                0x00000588       0x40 ./freeRTOS/src/port.o
                0x00000588                SysTick_Handler
 .text.vPortSuppressTicksAndSleep
                0x000005c8      0x184 ./freeRTOS/src/port.o
                0x000005c8                vPortSuppressTicksAndSleep
 .text.vPortSetupTimerInterrupt
                0x0000074c       0x68 ./freeRTOS/src/port.o
                0x0000074c                vPortSetupTimerInterrupt
 .text.xQueueGenericReset
                0x000007b4       0xb4 ./freeRTOS/src/queue.o
                0x000007b4                xQueueGenericReset
 .text.xQueueGenericCreate
                0x00000868       0x58 ./freeRTOS/src/queue.o
                0x00000868                xQueueGenericCreate
 .text.prvInitialiseNewQueue
                0x000008c0       0x46 ./freeRTOS/src/queue.o
 *fill*         0x00000906        0x2 ff
 .text.xQueueGenericSend
                0x00000908      0x154 ./freeRTOS/src/queue.o
                0x00000908                xQueueGenericSend
 .text.xQueueGenericReceive
                0x00000a5c      0x1b0 ./freeRTOS/src/queue.o
                0x00000a5c                xQueueGenericReceive
 .text.prvCopyDataToQueue
                0x00000c0c       0xd4 ./freeRTOS/src/queue.o
 .text.prvCopyDataFromQueue
                0x00000ce0       0x4c ./freeRTOS/src/queue.o
 .text.prvUnlockQueue
                0x00000d2c       0xa4 ./freeRTOS/src/queue.o
 .text.prvIsQueueEmpty
                0x00000dd0       0x2c ./freeRTOS/src/queue.o
 .text.prvIsQueueFull
                0x00000dfc       0x30 ./freeRTOS/src/queue.o
 .text.xTaskCreate
                0x00000e2c       0x82 ./freeRTOS/src/tasks.o
                0x00000e2c                xTaskCreate
 .text.prvInitialiseNewTask
                0x00000eae       0xee ./freeRTOS/src/tasks.o
 .text.prvAddNewTaskToReadyList
                0x00000f9c       0xdc ./freeRTOS/src/tasks.o
 .text.vTaskDelete
                0x00001078       0xfc ./freeRTOS/src/tasks.o
                0x00001078                vTaskDelete
 .text.vTaskDelay
                0x00001174       0x48 ./freeRTOS/src/tasks.o
                0x00001174                vTaskDelay
 .text.vTaskStartScheduler
                0x000011bc       0x6c ./freeRTOS/src/tasks.o
                0x000011bc                vTaskStartScheduler
 .text.vTaskSuspendAll
                0x00001228       0x1c ./freeRTOS/src/tasks.o
                0x00001228                vTaskSuspendAll
 .text.prvGetExpectedIdleTime
                0x00001244       0x74 ./freeRTOS/src/tasks.o
 .text.xTaskResumeAll
                0x000012b8      0x11c ./freeRTOS/src/tasks.o
                0x000012b8                xTaskResumeAll
 .text.vTaskStepTick
                0x000013d4       0x24 ./freeRTOS/src/tasks.o
                0x000013d4                vTaskStepTick
 .text.xTaskIncrementTick
                0x000013f8      0x16c ./freeRTOS/src/tasks.o
                0x000013f8                xTaskIncrementTick
 .text.vTaskSwitchContext
                0x00001564       0x8c ./freeRTOS/src/tasks.o
                0x00001564                vTaskSwitchContext
 .text.vTaskPlaceOnEventList
                0x000015f0       0x2c ./freeRTOS/src/tasks.o
                0x000015f0                vTaskPlaceOnEventList
 .text.xTaskRemoveFromEventList
                0x0000161c       0xac ./freeRTOS/src/tasks.o
                0x0000161c                xTaskRemoveFromEventList
 .text.vTaskSetTimeOutState
                0x000016c8       0x2c ./freeRTOS/src/tasks.o
                0x000016c8                vTaskSetTimeOutState
 .text.xTaskCheckForTimeOut
                0x000016f4       0x88 ./freeRTOS/src/tasks.o
                0x000016f4                xTaskCheckForTimeOut
 .text.vTaskMissedYield
                0x0000177c       0x18 ./freeRTOS/src/tasks.o
                0x0000177c                vTaskMissedYield
 .text.prvIdleTask
                0x00001794       0x54 ./freeRTOS/src/tasks.o
 .text.eTaskConfirmSleepModeStatus
                0x000017e8       0x5c ./freeRTOS/src/tasks.o
                0x000017e8                eTaskConfirmSleepModeStatus
 .text.prvInitialiseTaskLists
                0x00001844       0x80 ./freeRTOS/src/tasks.o
 .text.prvCheckTasksWaitingTermination
                0x000018c4       0x78 ./freeRTOS/src/tasks.o
 .text.prvDeleteTCB
                0x0000193c       0x20 ./freeRTOS/src/tasks.o
 .text.prvResetNextTaskUnblockTime
                0x0000195c       0x48 ./freeRTOS/src/tasks.o
 .text.vTaskPriorityInherit
                0x000019a4       0xec ./freeRTOS/src/tasks.o
                0x000019a4                vTaskPriorityInherit
 .text.xTaskPriorityDisinherit
                0x00001a90       0xc8 ./freeRTOS/src/tasks.o
                0x00001a90                xTaskPriorityDisinherit
 .text.pvTaskIncrementMutexHeldCount
                0x00001b58       0x28 ./freeRTOS/src/tasks.o
                0x00001b58                pvTaskIncrementMutexHeldCount
 .text.prvAddCurrentTaskToDelayedList
                0x00001b80       0xcc ./freeRTOS/src/tasks.o
 .text.Chip_GPIO_Init
                0x00001c4c       0x16 ./Example/src/FRTOS.o
 .text.Chip_GPIO_SetPinState
                0x00001c62       0x64 ./Example/src/FRTOS.o
 .text.Chip_GPIO_GetPinState
                0x00001cc6       0x38 ./Example/src/FRTOS.o
 .text.Chip_GPIO_SetPinDIROutput
                0x00001cfe       0x36 ./Example/src/FRTOS.o
 .text.Chip_GPIO_SetPinDIRInput
                0x00001d34       0x3a ./Example/src/FRTOS.o
 .text.Chip_GPIO_SetPinDIR
                0x00001d6e       0x42 ./Example/src/FRTOS.o
 .text.Chip_GPIO_SetDir
                0x00001db0       0x34 ./Example/src/FRTOS.o
 .text.Chip_GPIO_SetPinOutLow
                0x00001de4       0x2e ./Example/src/FRTOS.o
 .text.Chip_GPIO_SetPinToggle
                0x00001e12       0x4c ./Example/src/FRTOS.o
 *fill*         0x00001e5e        0x2 ff
 .text.uC_StartUp
                0x00001e60      0x170 ./Example/src/FRTOS.o
                0x00001e60                uC_StartUp
 .text.vTask1   0x00001fd0       0x3c ./Example/src/FRTOS.o
 .text.xTask2   0x0000200c       0x6c ./Example/src/FRTOS.o
 .text.main     0x00002078       0xd4 ./Example/src/FRTOS.o
                0x00002078                main
 .text.SystemInit
                0x0000214c       0x24 ./Example/src/sysinit.o
                0x0000214c                SystemInit
 .text.SystemCoreClockUpdate
                0x00002170       0x18 C:\Users\unknown\Documents\LPCWorkspace\lpc_chip_175x_6x\Debug\liblpc_chip_175x_6x.a(chip_17xx_40xx.o)
                0x00002170                SystemCoreClockUpdate
 .text.Chip_Clock_IsMainPLLEnabled
                0x00002188       0x24 C:\Users\unknown\Documents\LPCWorkspace\lpc_chip_175x_6x\Debug\liblpc_chip_175x_6x.a(clock_17xx_40xx.o)
 .text.Chip_Clock_IsMainPLLConnected
                0x000021ac       0x24 C:\Users\unknown\Documents\LPCWorkspace\lpc_chip_175x_6x\Debug\liblpc_chip_175x_6x.a(clock_17xx_40xx.o)
 .text.Chip_Clock_FeedPLL
                0x000021d0       0x34 C:\Users\unknown\Documents\LPCWorkspace\lpc_chip_175x_6x\Debug\liblpc_chip_175x_6x.a(clock_17xx_40xx.o)
 .text.Chip_Clock_GetMainPLLSource
                0x00002204       0x20 C:\Users\unknown\Documents\LPCWorkspace\lpc_chip_175x_6x\Debug\liblpc_chip_175x_6x.a(clock_17xx_40xx.o)
 .text.Chip_Clock_GetMainOscRate
                0x00002224       0x14 C:\Users\unknown\Documents\LPCWorkspace\lpc_chip_175x_6x\Debug\liblpc_chip_175x_6x.a(clock_17xx_40xx.o)
 .text.Chip_Clock_GetIntOscRate
                0x00002238       0x14 C:\Users\unknown\Documents\LPCWorkspace\lpc_chip_175x_6x\Debug\liblpc_chip_175x_6x.a(clock_17xx_40xx.o)
 .text.Chip_Clock_GetRTCOscRate
                0x0000224c       0x14 C:\Users\unknown\Documents\LPCWorkspace\lpc_chip_175x_6x\Debug\liblpc_chip_175x_6x.a(clock_17xx_40xx.o)
 .text.Chip_Clock_GetMainPLLInClockRate
                0x00002260        0xe C:\Users\unknown\Documents\LPCWorkspace\lpc_chip_175x_6x\Debug\liblpc_chip_175x_6x.a(clock_17xx_40xx.o)
 *fill*         0x0000226e        0x2 ff
 .text.Chip_Clock_EnablePLL
                0x00002270       0x44 C:\Users\unknown\Documents\LPCWorkspace\lpc_chip_175x_6x\Debug\liblpc_chip_175x_6x.a(clock_17xx_40xx.o)
                0x00002270                Chip_Clock_EnablePLL
 .text.Chip_Clock_DisablePLL
                0x000022b4       0x48 C:\Users\unknown\Documents\LPCWorkspace\lpc_chip_175x_6x\Debug\liblpc_chip_175x_6x.a(clock_17xx_40xx.o)
                0x000022b4                Chip_Clock_DisablePLL
 .text.Chip_Clock_SetupPLL
                0x000022fc       0x5c C:\Users\unknown\Documents\LPCWorkspace\lpc_chip_175x_6x\Debug\liblpc_chip_175x_6x.a(clock_17xx_40xx.o)
                0x000022fc                Chip_Clock_SetupPLL
 .text.Chip_Clock_EnablePeriphClock
                0x00002358       0x34 C:\Users\unknown\Documents\LPCWorkspace\lpc_chip_175x_6x\Debug\liblpc_chip_175x_6x.a(clock_17xx_40xx.o)
                0x00002358                Chip_Clock_EnablePeriphClock
 .text.Chip_Clock_GetCPUClockSource
                0x0000238c       0x24 C:\Users\unknown\Documents\LPCWorkspace\lpc_chip_175x_6x\Debug\liblpc_chip_175x_6x.a(clock_17xx_40xx.o)
                0x0000238c                Chip_Clock_GetCPUClockSource
 .text.Chip_Clock_SetCPUClockDiv
                0x000023b0       0x20 C:\Users\unknown\Documents\LPCWorkspace\lpc_chip_175x_6x\Debug\liblpc_chip_175x_6x.a(clock_17xx_40xx.o)
                0x000023b0                Chip_Clock_SetCPUClockDiv
 .text.Chip_Clock_GetCPUClockDiv
                0x000023d0       0x1c C:\Users\unknown\Documents\LPCWorkspace\lpc_chip_175x_6x\Debug\liblpc_chip_175x_6x.a(clock_17xx_40xx.o)
                0x000023d0                Chip_Clock_GetCPUClockDiv
 .text.Chip_Clock_GetSYSCLKRate
                0x000023ec       0x34 C:\Users\unknown\Documents\LPCWorkspace\lpc_chip_175x_6x\Debug\liblpc_chip_175x_6x.a(clock_17xx_40xx.o)
                0x000023ec                Chip_Clock_GetSYSCLKRate
 .text.Chip_Clock_GetMainPLLOutClockRate
                0x00002420       0x54 C:\Users\unknown\Documents\LPCWorkspace\lpc_chip_175x_6x\Debug\liblpc_chip_175x_6x.a(clock_17xx_40xx.o)
                0x00002420                Chip_Clock_GetMainPLLOutClockRate
 .text.Chip_Clock_GetMainClockRate
                0x00002474       0x28 C:\Users\unknown\Documents\LPCWorkspace\lpc_chip_175x_6x\Debug\liblpc_chip_175x_6x.a(clock_17xx_40xx.o)
                0x00002474                Chip_Clock_GetMainClockRate
 .text.Chip_Clock_GetSystemClockRate
                0x0000249c       0x18 C:\Users\unknown\Documents\LPCWorkspace\lpc_chip_175x_6x\Debug\liblpc_chip_175x_6x.a(clock_17xx_40xx.o)
                0x0000249c                Chip_Clock_GetSystemClockRate
 .text.Chip_IOCON_PinMux
                0x000024b4       0x94 C:\Users\unknown\Documents\LPCWorkspace\lpc_chip_175x_6x\Debug\liblpc_chip_175x_6x.a(iocon_17xx_40xx.o)
                0x000024b4                Chip_IOCON_PinMux
 .text.Chip_Clock_IsMainPLLEnabled
                0x00002548       0x24 C:\Users\unknown\Documents\LPCWorkspace\lpc_chip_175x_6x\Debug\liblpc_chip_175x_6x.a(sysinit_17xx_40xx.o)
 .text.Chip_Clock_IsMainPLLLocked
                0x0000256c       0x24 C:\Users\unknown\Documents\LPCWorkspace\lpc_chip_175x_6x\Debug\liblpc_chip_175x_6x.a(sysinit_17xx_40xx.o)
 .text.Chip_Clock_IsMainPLLConnected
                0x00002590       0x24 C:\Users\unknown\Documents\LPCWorkspace\lpc_chip_175x_6x\Debug\liblpc_chip_175x_6x.a(sysinit_17xx_40xx.o)
 .text.Chip_Clock_EnableCrystal
                0x000025b4       0x20 C:\Users\unknown\Documents\LPCWorkspace\lpc_chip_175x_6x\Debug\liblpc_chip_175x_6x.a(sysinit_17xx_40xx.o)
 .text.Chip_Clock_IsCrystalEnabled
                0x000025d4       0x24 C:\Users\unknown\Documents\LPCWorkspace\lpc_chip_175x_6x\Debug\liblpc_chip_175x_6x.a(sysinit_17xx_40xx.o)
 .text.Chip_Clock_SetMainPLLSource
                0x000025f8       0x20 C:\Users\unknown\Documents\LPCWorkspace\lpc_chip_175x_6x\Debug\liblpc_chip_175x_6x.a(sysinit_17xx_40xx.o)
 .text.Chip_SetupXtalClocking
                0x00002618       0x90 C:\Users\unknown\Documents\LPCWorkspace\lpc_chip_175x_6x\Debug\liblpc_chip_175x_6x.a(sysinit_17xx_40xx.o)
                0x00002618                Chip_SetupXtalClocking
 .text.Chip_SystemInit
                0x000026a8        0xc C:\Users\unknown\Documents\LPCWorkspace\lpc_chip_175x_6x\Debug\liblpc_chip_175x_6x.a(sysinit_17xx_40xx.o)
                0x000026a8                Chip_SystemInit
 .text.__main   0x000026b4        0xe c:/nxp/mcuxpressoide_10.2.0_759/ide/tools/bin/../lib/gcc/arm-none-eabi/7.2.1/../../../../arm-none-eabi/lib/thumb/v7-m\libcr_semihost.a(_cr__main.o)
                0x000026b4                __CR_SEMIHOST
                0x000026b4                __main
 .text.memcpy   0x000026c2        0x4 c:/nxp/mcuxpressoide_10.2.0_759/ide/tools/bin/../lib/gcc/arm-none-eabi/7.2.1/../../../../arm-none-eabi/lib/thumb/v7-m\libcr_c.a(memcpy.o)
                0x000026c2                memcpy
 .text.memset   0x000026c6        0x4 c:/nxp/mcuxpressoide_10.2.0_759/ide/tools/bin/../lib/gcc/arm-none-eabi/7.2.1/../../../../arm-none-eabi/lib/thumb/v7-m\libcr_c.a(memset.o)
                0x000026c6                memset
 *fill*         0x000026ca        0x2 ff
 .text.malloc   0x000026cc       0xc8 c:/nxp/mcuxpressoide_10.2.0_759/ide/tools/bin/../lib/gcc/arm-none-eabi/7.2.1/../../../../arm-none-eabi/lib/thumb/v7-m\libcr_c.a(alloc.o)
                0x000026cc                malloc
 .text.free     0x00002794       0x30 c:/nxp/mcuxpressoide_10.2.0_759/ide/tools/bin/../lib/gcc/arm-none-eabi/7.2.1/../../../../arm-none-eabi/lib/thumb/v7-m\libcr_c.a(alloc.o)
                0x00002794                free
 .text._Csys_alloc
                0x000027c4       0x20 c:/nxp/mcuxpressoide_10.2.0_759/ide/tools/bin/../lib/gcc/arm-none-eabi/7.2.1/../../../../arm-none-eabi/lib/thumb/v7-m\libcr_c.a(alloc.o)
                0x000027c4                _Csys_alloc
 .text.fp_round
                0x000027e4       0x4c c:/nxp/mcuxpressoide_10.2.0_759/ide/tools/bin/../lib/gcc/arm-none-eabi/7.2.1/../../../../arm-none-eabi/lib/thumb/v7-m\libcr_c.a(fpprintf.o)
 .text.pr_dec.constprop.1
                0x00002830       0x26 c:/nxp/mcuxpressoide_10.2.0_759/ide/tools/bin/../lib/gcc/arm-none-eabi/7.2.1/../../../../arm-none-eabi/lib/thumb/v7-m\libcr_c.a(fpprintf.o)
 *fill*         0x00002856        0x2 ff
 .text.sprintf  0x00002858       0x6c c:/nxp/mcuxpressoide_10.2.0_759/ide/tools/bin/../lib/gcc/arm-none-eabi/7.2.1/../../../../arm-none-eabi/lib/thumb/v7-m\libcr_c.a(fpprintf.o)
                0x00002858                sprintf
 *fill*         0x000028c4        0x4 ff
 .text.fp_display
                0x000028c8      0x96c c:/nxp/mcuxpressoide_10.2.0_759/ide/tools/bin/../lib/gcc/arm-none-eabi/7.2.1/../../../../arm-none-eabi/lib/thumb/v7-m\libcr_c.a(fpprintf.o)
 .text.vsnprintf
                0x00003234       0x5c c:/nxp/mcuxpressoide_10.2.0_759/ide/tools/bin/../lib/gcc/arm-none-eabi/7.2.1/../../../../arm-none-eabi/lib/thumb/v7-m\libcr_c.a(fpprintf.o)
                0x00003234                vsnprintf
 .text.printf   0x00003290       0x54 c:/nxp/mcuxpressoide_10.2.0_759/ide/tools/bin/../lib/gcc/arm-none-eabi/7.2.1/../../../../arm-none-eabi/lib/thumb/v7-m\libcr_c.a(fpprintf.o)
                0x00003290                printf
 .text._initio  0x000032e4       0x78 c:/nxp/mcuxpressoide_10.2.0_759/ide/tools/bin/../lib/gcc/arm-none-eabi/7.2.1/../../../../arm-none-eabi/lib/thumb/v7-m\libcr_c.a(initio.o)
                0x000032e4                _initio
 .text.__vfprintf
                0x0000335c      0xb98 c:/nxp/mcuxpressoide_10.2.0_759/ide/tools/bin/../lib/gcc/arm-none-eabi/7.2.1/../../../../arm-none-eabi/lib/thumb/v7-m\libcr_c.a(printf.o)
                0x0000335c                __vfprintf
 .text.setvbuf  0x00003ef4       0x40 c:/nxp/mcuxpressoide_10.2.0_759/ide/tools/bin/../lib/gcc/arm-none-eabi/7.2.1/../../../../arm-none-eabi/lib/thumb/v7-m\libcr_c.a(setvbuf.o)
                0x00003ef4                setvbuf
 .text.strlen   0x00003f34       0x4a c:/nxp/mcuxpressoide_10.2.0_759/ide/tools/bin/../lib/gcc/arm-none-eabi/7.2.1/../../../../arm-none-eabi/lib/thumb/v7-m\libcr_c.a(strlen.o)
                0x00003f34                strlen
 *fill*         0x00003f7e        0x2 ff
 .text._sbrk    0x00003f80       0x3c c:/nxp/mcuxpressoide_10.2.0_759/ide/tools/bin/../lib/gcc/arm-none-eabi/7.2.1/../../../../arm-none-eabi/lib/thumb/v7-m\libcr_c.a(_cr_sbrk.o)
                0x00003f80                _sbrk
 .text._deferredlazyseek
                0x00003fbc       0x40 c:/nxp/mcuxpressoide_10.2.0_759/ide/tools/bin/../lib/gcc/arm-none-eabi/7.2.1/../../../../arm-none-eabi/lib/thumb/v7-m\libcr_c.a(_deferredlazyseek.o)
                0x00003fbc                _deferredlazyseek
 .text.__flsbuf
                0x00003ffc      0x140 c:/nxp/mcuxpressoide_10.2.0_759/ide/tools/bin/../lib/gcc/arm-none-eabi/7.2.1/../../../../arm-none-eabi/lib/thumb/v7-m\libcr_c.a(_deferredlazyseek.o)
                0x00003ffc                __flsbuf
 .text._fdopen  0x0000413c       0x68 c:/nxp/mcuxpressoide_10.2.0_759/ide/tools/bin/../lib/gcc/arm-none-eabi/7.2.1/../../../../arm-none-eabi/lib/thumb/v7-m\libcr_c.a(_fdopen.o)
                0x0000413c                _fdopen
 .text._fflush  0x000041a4       0x52 c:/nxp/mcuxpressoide_10.2.0_759/ide/tools/bin/../lib/gcc/arm-none-eabi/7.2.1/../../../../arm-none-eabi/lib/thumb/v7-m\libcr_c.a(_fflush.o)
                0x000041a4                _fflush
 .text._frexpl  0x000041f6       0x56 c:/nxp/mcuxpressoide_10.2.0_759/ide/tools/bin/../lib/gcc/arm-none-eabi/7.2.1/../../../../arm-none-eabi/lib/thumb/v7-m\libcr_c.a(_frexpl.o)
                0x000041f6                _frexpl
 .text._ldexpl  0x0000424c       0x4c c:/nxp/mcuxpressoide_10.2.0_759/ide/tools/bin/../lib/gcc/arm-none-eabi/7.2.1/../../../../arm-none-eabi/lib/thumb/v7-m\libcr_c.a(_ldexpl.o)
                0x0000424c                _ldexpl
 .text._Cwritebuf
                0x00004298       0x6c c:/nxp/mcuxpressoide_10.2.0_759/ide/tools/bin/../lib/gcc/arm-none-eabi/7.2.1/../../../../arm-none-eabi/lib/thumb/v7-m\libcr_c.a(_writebuf.o)
                0x00004298                _Cwritebuf
 .text.fclose   0x00004304       0x58 c:/nxp/mcuxpressoide_10.2.0_759/ide/tools/bin/../lib/gcc/arm-none-eabi/7.2.1/../../../../arm-none-eabi/lib/thumb/v7-m\libcr_c.a(fclose.o)
                0x00004304                fclose
 .text.fflush   0x0000435c       0x44 c:/nxp/mcuxpressoide_10.2.0_759/ide/tools/bin/../lib/gcc/arm-none-eabi/7.2.1/../../../../arm-none-eabi/lib/thumb/v7-m\libcr_c.a(fflush.o)
                0x0000435c                fflush
 .text.fseek    0x000043a0      0x100 c:/nxp/mcuxpressoide_10.2.0_759/ide/tools/bin/../lib/gcc/arm-none-eabi/7.2.1/../../../../arm-none-eabi/lib/thumb/v7-m\libcr_c.a(fseek.o)
                0x000043a0                fseek
 .text.ftell    0x000044a0       0x44 c:/nxp/mcuxpressoide_10.2.0_759/ide/tools/bin/../lib/gcc/arm-none-eabi/7.2.1/../../../../arm-none-eabi/lib/thumb/v7-m\libcr_c.a(ftell.o)
                0x000044a0                ftell
 .text.remove   0x000044e4       0x14 c:/nxp/mcuxpressoide_10.2.0_759/ide/tools/bin/../lib/gcc/arm-none-eabi/7.2.1/../../../../arm-none-eabi/lib/thumb/v7-m\libcr_c.a(remove.o)
                0x000044e4                remove
 .text.__check_heap_overflow
                0x000044f8       0x18 c:/nxp/mcuxpressoide_10.2.0_759/ide/tools/bin/../lib/gcc/arm-none-eabi/7.2.1/../../../../arm-none-eabi/lib/thumb/v7-m\libcr_c.a(_cr_check_heap.o)
                0x000044f8                __check_heap_overflow
 .text._do_fflush
                0x00004510       0x40 c:/nxp/mcuxpressoide_10.2.0_759/ide/tools/bin/../lib/gcc/arm-none-eabi/7.2.1/../../../../arm-none-eabi/lib/thumb/v7-m\libcr_c.a(_do_fflush.o)
                0x00004510                _do_fflush
 .text.__aeabi_dmul
                0x00004550      0x10c c:/nxp/mcuxpressoide_10.2.0_759/ide/tools/bin/../lib/gcc/arm-none-eabi/7.2.1/thumb/v7-m\libcr_eabihelpers.a(double.o)
                0x00004550                __aeabi_dmul
 .text.__aeabi_ddiv
                0x0000465c      0x130 c:/nxp/mcuxpressoide_10.2.0_759/ide/tools/bin/../lib/gcc/arm-none-eabi/7.2.1/thumb/v7-m\libcr_eabihelpers.a(double.o)
                0x0000465c                __aeabi_ddiv
 .text.__aeabi_dsub
                0x0000478c      0x1b0 c:/nxp/mcuxpressoide_10.2.0_759/ide/tools/bin/../lib/gcc/arm-none-eabi/7.2.1/thumb/v7-m\libcr_eabihelpers.a(double.o)
                0x0000478c                __aeabi_dsub
 .text.__aeabi_dadd
                0x0000493c      0x10c c:/nxp/mcuxpressoide_10.2.0_759/ide/tools/bin/../lib/gcc/arm-none-eabi/7.2.1/thumb/v7-m\libcr_eabihelpers.a(double.o)
                0x0000493c                __aeabi_dadd
 .text.__aeabi_d2iz
                0x00004a48       0x40 c:/nxp/mcuxpressoide_10.2.0_759/ide/tools/bin/../lib/gcc/arm-none-eabi/7.2.1/thumb/v7-m\libcr_eabihelpers.a(double.o)
                0x00004a48                __aeabi_d2iz
 .text.__bhs_ui2d
                0x00004a88       0x46 c:/nxp/mcuxpressoide_10.2.0_759/ide/tools/bin/../lib/gcc/arm-none-eabi/7.2.1/thumb/v7-m\libcr_eabihelpers.a(double.o)
                0x00004a88                __bhs_ui2d
 .text.__aeabi_i2d
                0x00004ace       0x12 c:/nxp/mcuxpressoide_10.2.0_759/ide/tools/bin/../lib/gcc/arm-none-eabi/7.2.1/thumb/v7-m\libcr_eabihelpers.a(double.o)
                0x00004ace                __aeabi_i2d
 .text.__aeabi_dcmpeq
                0x00004ae0       0x2c c:/nxp/mcuxpressoide_10.2.0_759/ide/tools/bin/../lib/gcc/arm-none-eabi/7.2.1/thumb/v7-m\libcr_eabihelpers.a(double.o)
                0x00004ae0                __aeabi_dcmpeq
 .text.__aeabi_dcmplt
                0x00004b0c       0x54 c:/nxp/mcuxpressoide_10.2.0_759/ide/tools/bin/../lib/gcc/arm-none-eabi/7.2.1/thumb/v7-m\libcr_eabihelpers.a(double.o)
                0x00004b0c                __aeabi_dcmplt
 .text.__aeabi_dcmple
                0x00004b60       0x54 c:/nxp/mcuxpressoide_10.2.0_759/ide/tools/bin/../lib/gcc/arm-none-eabi/7.2.1/thumb/v7-m\libcr_eabihelpers.a(double.o)
                0x00004b60                __aeabi_dcmple
 .text.__aeabi_dcmpge
                0x00004bb4       0x54 c:/nxp/mcuxpressoide_10.2.0_759/ide/tools/bin/../lib/gcc/arm-none-eabi/7.2.1/thumb/v7-m\libcr_eabihelpers.a(double.o)
                0x00004bb4                __aeabi_dcmpge
 .text.__aeabi_memcpy
                0x00004c08       0x34 c:/nxp/mcuxpressoide_10.2.0_759/ide/tools/bin/../lib/gcc/arm-none-eabi/7.2.1/thumb/v7-m\libcr_eabihelpers.a(memcpy.o)
                0x00004c08                __aeabi_memcpy
                0x00004c12                __aeabi_memcpy8
                0x00004c12                __aeabi_memcpy4
 .text.__aeabi_memset_lowlevel
                0x00004c3c       0x32 c:/nxp/mcuxpressoide_10.2.0_759/ide/tools/bin/../lib/gcc/arm-none-eabi/7.2.1/thumb/v7-m\libcr_eabihelpers.a(memcpy.o)
                0x00004c3c                __aeabi_lowlevel_memset
 *fill*         0x00004c6e        0x2 ff
 .text.__sys_appexit
                0x00004c70        0xc c:/nxp/mcuxpressoide_10.2.0_759/ide/tools/bin/../lib/gcc/arm-none-eabi/7.2.1/../../../../arm-none-eabi/lib/thumb/v7-m\libcr_semihost.a(__sys_appexit.o)
                0x00004c70                __sys_appexit
                0x00004c70                __exit
 .text.__sys_close
                0x00004c7c        0xc c:/nxp/mcuxpressoide_10.2.0_759/ide/tools/bin/../lib/gcc/arm-none-eabi/7.2.1/../../../../arm-none-eabi/lib/thumb/v7-m\libcr_semihost.a(__sys_close.o)
                0x00004c7c                __sys_close
 .text.__sys_flen
                0x00004c88        0xc c:/nxp/mcuxpressoide_10.2.0_759/ide/tools/bin/../lib/gcc/arm-none-eabi/7.2.1/../../../../arm-none-eabi/lib/thumb/v7-m\libcr_semihost.a(__sys_flen.o)
                0x00004c88                __sys_flen
 .text.__sys_istty
                0x00004c94        0xc c:/nxp/mcuxpressoide_10.2.0_759/ide/tools/bin/../lib/gcc/arm-none-eabi/7.2.1/../../../../arm-none-eabi/lib/thumb/v7-m\libcr_semihost.a(__sys_istty.o)
                0x00004c94                __sys_istty
 .text.__sys_remove
                0x00004ca0        0xc c:/nxp/mcuxpressoide_10.2.0_759/ide/tools/bin/../lib/gcc/arm-none-eabi/7.2.1/../../../../arm-none-eabi/lib/thumb/v7-m\libcr_semihost.a(__sys_remove.o)
                0x00004ca0                __sys_remove
 .text.__sys_seek
                0x00004cac        0xc c:/nxp/mcuxpressoide_10.2.0_759/ide/tools/bin/../lib/gcc/arm-none-eabi/7.2.1/../../../../arm-none-eabi/lib/thumb/v7-m\libcr_semihost.a(__sys_seek.o)
                0x00004cac                __sys_seek
 .text.__sys_tmpnam
                0x00004cb8        0xc c:/nxp/mcuxpressoide_10.2.0_759/ide/tools/bin/../lib/gcc/arm-none-eabi/7.2.1/../../../../arm-none-eabi/lib/thumb/v7-m\libcr_semihost.a(__sys_tmpnam.o)
                0x00004cb8                __sys_tmpnam
 .text.__sys_write
                0x00004cc4        0xc c:/nxp/mcuxpressoide_10.2.0_759/ide/tools/bin/../lib/gcc/arm-none-eabi/7.2.1/../../../../arm-none-eabi/lib/thumb/v7-m\libcr_semihost.a(__sys_write.o)
                0x00004cc4                __sys_write
 *(.rodata .rodata.* .constdata .constdata.*)
 .rodata        0x00004cd0        0x5 ./freeRTOS/src/tasks.o
 *fill*         0x00004cd5        0x3 ff
 .rodata        0x00004cd8       0x8e ./Example/src/FRTOS.o
 *fill*         0x00004d66        0x2 ff
 .rodata.OscRateIn
                0x00004d68        0x4 ./Example/src/sysinit.o
                0x00004d68                OscRateIn
 .rodata.RTCOscRateIn
                0x00004d6c        0x4 ./Example/src/sysinit.o
                0x00004d6c                RTCOscRateIn
 .rodata._Csys_alloc.str1.1
                0x00004d70       0x18 c:/nxp/mcuxpressoide_10.2.0_759/ide/tools/bin/../lib/gcc/arm-none-eabi/7.2.1/../../../../arm-none-eabi/lib/thumb/v7-m\libcr_c.a(alloc.o)
 .rodata.fp_display.str1.1
                0x00004d88       0x34 c:/nxp/mcuxpressoide_10.2.0_759/ide/tools/bin/../lib/gcc/arm-none-eabi/7.2.1/../../../../arm-none-eabi/lib/thumb/v7-m\libcr_c.a(fpprintf.o)
                                 0x35 (size before relaxing)
 .rodata._initio.str1.1
                0x00004dbc        0x4 c:/nxp/mcuxpressoide_10.2.0_759/ide/tools/bin/../lib/gcc/arm-none-eabi/7.2.1/../../../../arm-none-eabi/lib/thumb/v7-m\libcr_c.a(initio.o)
 .rodata.__vfprintf.str1.1
                0x00004dc0       0x31 c:/nxp/mcuxpressoide_10.2.0_759/ide/tools/bin/../lib/gcc/arm-none-eabi/7.2.1/../../../../arm-none-eabi/lib/thumb/v7-m\libcr_c.a(printf.o)
                                 0x38 (size before relaxing)
 *fill*         0x00004df1        0x7 ff
 .rodata.__huge_vall
                0x00004df8        0x8 c:/nxp/mcuxpressoide_10.2.0_759/ide/tools/bin/../lib/gcc/arm-none-eabi/7.2.1/../../../../arm-none-eabi/lib/thumb/v7-m\libcr_c.a(_hugeval.o)
                0x00004df8                __huge_vall
 .rodata.__num_Ciob_streams
                0x00004e00        0x4 c:/nxp/mcuxpressoide_10.2.0_759/ide/tools/bin/../lib/gcc/arm-none-eabi/7.2.1/../../../../arm-none-eabi/lib/thumb/v7-m\libcr_semihost.a(__ciob.o)
                0x00004e00                __num_Ciob_streams
                0x00004e04                . = ALIGN (0x4)

.glue_7         0x00004e04        0x0
 .glue_7        0x00004e04        0x0 linker stubs

.glue_7t        0x00004e04        0x0
 .glue_7t       0x00004e04        0x0 linker stubs

.vfp11_veneer   0x00004e04        0x0
 .vfp11_veneer  0x00004e04        0x0 linker stubs

.v4_bx          0x00004e04        0x0
 .v4_bx         0x00004e04        0x0 linker stubs

.iplt           0x00004e04        0x0
 .iplt          0x00004e04        0x0 ./freeRTOS/src/FreeRTOSCommonHooks.o

.rel.dyn        0x00004e04        0x0
 .rel.iplt      0x00004e04        0x0 ./freeRTOS/src/FreeRTOSCommonHooks.o

.ARM.extab
 *(.ARM.extab* .gnu.linkonce.armextab.*)
                0x00004e04                __exidx_start = .

.ARM.exidx
 *(.ARM.exidx* .gnu.linkonce.armexidx.*)
                0x00004e04                __exidx_end = .
                0x00004e04                _etext = .

.data_RAM2      0x2007c000        0x0 load address 0x00004e04
 FILL mask 0xff
                [!provide]                PROVIDE (__start_data_RAM2, .)
 *(.ramfunc.$RAM2)
 *(.ramfunc.$RamAHB32)
 *(.data.$RAM2*)
 *(.data.$RamAHB32*)
                0x2007c000                . = ALIGN (0x4)
                [!provide]                PROVIDE (__end_data_RAM2, .)

.uninit_RESERVED
                0x10000000        0x0
 *(.bss.$RESERVED*)
                0x10000000                . = ALIGN (0x4)
                0x10000000                _end_uninit_RESERVED = .

.data           0x10000000        0x4 load address 0x00004e04
 FILL mask 0xff
                0x10000000                _data = .
 *(vtable)
 *(.ramfunc*)
 *(.data*)
 .data.uxCriticalNesting
                0x10000000        0x4 ./freeRTOS/src/port.o
                0x10000004                . = ALIGN (0x4)
                0x10000004                _edata = .

.igot.plt       0x10000004        0x0 load address 0x00004e08
 .igot.plt      0x10000004        0x0 ./freeRTOS/src/FreeRTOSCommonHooks.o

.bss_RAM2       0x2007c000        0x0
                [!provide]                PROVIDE (__start_bss_RAM2, .)
 *(.bss.$RAM2*)
 *(.bss.$RamAHB32*)
                0x2007c000                . = ALIGN ((. != 0x0)?0x4:0x1)
                [!provide]                PROVIDE (__end_bss_RAM2, .)

.bss            0x10000004      0x30c
                0x10000004                _bss = .
 *(.bss*)
 .bss.ulTimerCountsForOneTick
                0x10000004        0x4 ./freeRTOS/src/port.o
 .bss.xMaximumPossibleSuppressedTicks
                0x10000008        0x4 ./freeRTOS/src/port.o
 .bss.ulStoppedTimerCompensation
                0x1000000c        0x4 ./freeRTOS/src/port.o
 .bss.pxCurrentTCB
                0x10000010        0x4 ./freeRTOS/src/tasks.o
                0x10000010                pxCurrentTCB
 .bss.pxReadyTasksLists
                0x10000014       0x64 ./freeRTOS/src/tasks.o
 .bss.xDelayedTaskList1
                0x10000078       0x14 ./freeRTOS/src/tasks.o
 .bss.xDelayedTaskList2
                0x1000008c       0x14 ./freeRTOS/src/tasks.o
 .bss.pxDelayedTaskList
                0x100000a0        0x4 ./freeRTOS/src/tasks.o
 .bss.pxOverflowDelayedTaskList
                0x100000a4        0x4 ./freeRTOS/src/tasks.o
 .bss.xPendingReadyList
                0x100000a8       0x14 ./freeRTOS/src/tasks.o
 .bss.xTasksWaitingTermination
                0x100000bc       0x14 ./freeRTOS/src/tasks.o
 .bss.uxDeletedTasksWaitingCleanUp
                0x100000d0        0x4 ./freeRTOS/src/tasks.o
 .bss.xSuspendedTaskList
                0x100000d4       0x14 ./freeRTOS/src/tasks.o
 .bss.uxCurrentNumberOfTasks
                0x100000e8        0x4 ./freeRTOS/src/tasks.o
 .bss.xTickCount
                0x100000ec        0x4 ./freeRTOS/src/tasks.o
 .bss.uxTopReadyPriority
                0x100000f0        0x4 ./freeRTOS/src/tasks.o
 .bss.xSchedulerRunning
                0x100000f4        0x4 ./freeRTOS/src/tasks.o
 .bss.uxPendedTicks
                0x100000f8        0x4 ./freeRTOS/src/tasks.o
 .bss.xYieldPending
                0x100000fc        0x4 ./freeRTOS/src/tasks.o
 .bss.xNumOfOverflows
                0x10000100        0x4 ./freeRTOS/src/tasks.o
 .bss.uxTaskNumber
                0x10000104        0x4 ./freeRTOS/src/tasks.o
 .bss.xNextTaskUnblockTime
                0x10000108        0x4 ./freeRTOS/src/tasks.o
 .bss.xIdleTaskHandle
                0x1000010c        0x4 ./freeRTOS/src/tasks.o
 .bss.uxSchedulerSuspended
                0x10000110        0x4 ./freeRTOS/src/tasks.o
 .bss.Semaforo_1
                0x10000114        0x4 ./Example/src/FRTOS.o
                0x10000114                Semaforo_1
 .bss.Semaforo_2
                0x10000118        0x4 ./Example/src/FRTOS.o
                0x10000118                Semaforo_2
 .bss.Cola_1    0x1000011c        0x4 ./Example/src/FRTOS.o
                0x1000011c                Cola_1
 .bss.__end_of_heap
                0x10000120        0x4 c:/nxp/mcuxpressoide_10.2.0_759/ide/tools/bin/../lib/gcc/arm-none-eabi/7.2.1/../../../../arm-none-eabi/lib/thumb/v7-m\libcr_c.a(__init_alloc.o)
                0x10000120                __end_of_heap
 .bss.__heaps   0x10000124        0x4 c:/nxp/mcuxpressoide_10.2.0_759/ide/tools/bin/../lib/gcc/arm-none-eabi/7.2.1/../../../../arm-none-eabi/lib/thumb/v7-m\libcr_c.a(__init_alloc.o)
                0x10000124                __heaps
 .bss.errno     0x10000128        0x4 c:/nxp/mcuxpressoide_10.2.0_759/ide/tools/bin/../lib/gcc/arm-none-eabi/7.2.1/../../../../arm-none-eabi/lib/thumb/v7-m\libcr_c.a(errno.o)
                0x10000128                errno
 .bss.__Ciob    0x1000012c      0x1e0 c:/nxp/mcuxpressoide_10.2.0_759/ide/tools/bin/../lib/gcc/arm-none-eabi/7.2.1/../../../../arm-none-eabi/lib/thumb/v7-m\libcr_semihost.a(__ciob.o)
                0x1000012c                __Ciob
 *(COMMON)
 COMMON         0x1000030c        0x4 C:\Users\unknown\Documents\LPCWorkspace\lpc_chip_175x_6x\Debug\liblpc_chip_175x_6x.a(chip_17xx_40xx.o)
                0x1000030c                SystemCoreClock
                0x10000310                . = ALIGN (0x4)
                0x10000310                _ebss = .
                [!provide]                PROVIDE (end, .)

.noinit_RAM2    0x2007c000        0x0
 *(.noinit.$RAM2*)
 *(.noinit.$RamAHB32*)
                0x2007c000                . = ALIGN (0x4)

.noinit         0x10000310        0x0
                0x10000310                _noinit = .
 *(.noinit*)
                0x10000310                . = ALIGN (0x4)
                0x10000310                _end_noinit = .
                0x10000310                PROVIDE (_pvHeapStart, DEFINED (__user_heap_base)?__user_heap_base:.)
                0x10008000                PROVIDE (_vStackTop, DEFINED (__user_stack_top)?__user_stack_top:(__top_RamLoc32 - 0x0))
                0xefff74de                PROVIDE (__valid_user_code_checksum, (0x0 - ((((((_vStackTop + (ResetISR + 0x1)) + (NMI_Handler + 0x1)) + (HardFault_Handler + 0x1)) + (DEFINED (MemManage_Handler)?MemManage_Handler:0x0 + 0x1)) + (DEFINED (BusFault_Handler)?BusFault_Handler:0x0 + 0x1)) + (DEFINED (UsageFault_Handler)?UsageFault_Handler:0x0 + 0x1))))
                0x00000000                _image_start = LOADADDR (.text)
                0x00004e08                _image_end = (LOADADDR (.data) + SIZEOF (.data))
                0x00004e08                _image_size = (_image_end - _image_start)
OUTPUT(FRTOS.axf elf32-littlearm)

.debug_info     0x00000000     0x586f
 .debug_info    0x00000000      0x257 ./freeRTOS/src/FreeRTOSCommonHooks.o
 .debug_info    0x00000257      0x12b ./freeRTOS/src/heap_3.o
 .debug_info    0x00000382      0x2cf ./freeRTOS/src/list.o
 .debug_info    0x00000651      0x3e1 ./freeRTOS/src/port.o
 .debug_info    0x00000a32      0xf51 ./freeRTOS/src/queue.o
 .debug_info    0x00001983     0x19aa ./freeRTOS/src/tasks.o
 .debug_info    0x0000332d      0x768 ./Example/src/FRTOS.o
 .debug_info    0x00003a95      0x255 ./Example/src/cr_startup_lpc175x_6x.o
 .debug_info    0x00003cea      0x1fd ./Example/src/sysinit.o
 .debug_info    0x00003ee7      0x558 C:\Users\unknown\Documents\LPCWorkspace\lpc_chip_175x_6x\Debug\liblpc_chip_175x_6x.a(chip_17xx_40xx.o)
 .debug_info    0x0000443f      0xba2 C:\Users\unknown\Documents\LPCWorkspace\lpc_chip_175x_6x\Debug\liblpc_chip_175x_6x.a(clock_17xx_40xx.o)
 .debug_info    0x00004fe1      0x31e C:\Users\unknown\Documents\LPCWorkspace\lpc_chip_175x_6x\Debug\liblpc_chip_175x_6x.a(iocon_17xx_40xx.o)
 .debug_info    0x000052ff      0x570 C:\Users\unknown\Documents\LPCWorkspace\lpc_chip_175x_6x\Debug\liblpc_chip_175x_6x.a(sysinit_17xx_40xx.o)

.debug_abbrev   0x00000000     0x1654
 .debug_abbrev  0x00000000      0x17b ./freeRTOS/src/FreeRTOSCommonHooks.o
 .debug_abbrev  0x0000017b       0xe2 ./freeRTOS/src/heap_3.o
 .debug_abbrev  0x0000025d      0x112 ./freeRTOS/src/list.o
 .debug_abbrev  0x0000036f      0x233 ./freeRTOS/src/port.o
 .debug_abbrev  0x000005a2      0x242 ./freeRTOS/src/queue.o
 .debug_abbrev  0x000007e4      0x2fe ./freeRTOS/src/tasks.o
 .debug_abbrev  0x00000ae2      0x23e ./Example/src/FRTOS.o
 .debug_abbrev  0x00000d20      0x114 ./Example/src/cr_startup_lpc175x_6x.o
 .debug_abbrev  0x00000e34       0xdd ./Example/src/sysinit.o
 .debug_abbrev  0x00000f11      0x151 C:\Users\unknown\Documents\LPCWorkspace\lpc_chip_175x_6x\Debug\liblpc_chip_175x_6x.a(chip_17xx_40xx.o)
 .debug_abbrev  0x00001062      0x309 C:\Users\unknown\Documents\LPCWorkspace\lpc_chip_175x_6x\Debug\liblpc_chip_175x_6x.a(clock_17xx_40xx.o)
 .debug_abbrev  0x0000136b      0x14a C:\Users\unknown\Documents\LPCWorkspace\lpc_chip_175x_6x\Debug\liblpc_chip_175x_6x.a(iocon_17xx_40xx.o)
 .debug_abbrev  0x000014b5      0x19f C:\Users\unknown\Documents\LPCWorkspace\lpc_chip_175x_6x\Debug\liblpc_chip_175x_6x.a(sysinit_17xx_40xx.o)

.debug_aranges  0x00000000      0x720
 .debug_aranges
                0x00000000       0x40 ./freeRTOS/src/FreeRTOSCommonHooks.o
 .debug_aranges
                0x00000040       0x28 ./freeRTOS/src/heap_3.o
 .debug_aranges
                0x00000068       0x40 ./freeRTOS/src/list.o
 .debug_aranges
                0x000000a8       0x78 ./freeRTOS/src/port.o
 .debug_aranges
                0x00000120      0x110 ./freeRTOS/src/queue.o
 .debug_aranges
                0x00000230      0x1e8 ./freeRTOS/src/tasks.o
 .debug_aranges
                0x00000418       0x80 ./Example/src/FRTOS.o
 .debug_aranges
                0x00000498       0x80 ./Example/src/cr_startup_lpc175x_6x.o
 .debug_aranges
                0x00000518       0x20 ./Example/src/sysinit.o
 .debug_aranges
                0x00000538       0x38 C:\Users\unknown\Documents\LPCWorkspace\lpc_chip_175x_6x\Debug\liblpc_chip_175x_6x.a(chip_17xx_40xx.o)
 .debug_aranges
                0x00000570      0x120 C:\Users\unknown\Documents\LPCWorkspace\lpc_chip_175x_6x\Debug\liblpc_chip_175x_6x.a(clock_17xx_40xx.o)
 .debug_aranges
                0x00000690       0x30 C:\Users\unknown\Documents\LPCWorkspace\lpc_chip_175x_6x\Debug\liblpc_chip_175x_6x.a(iocon_17xx_40xx.o)
 .debug_aranges
                0x000006c0       0x60 C:\Users\unknown\Documents\LPCWorkspace\lpc_chip_175x_6x\Debug\liblpc_chip_175x_6x.a(sysinit_17xx_40xx.o)

.debug_ranges   0x00000000      0x650
 .debug_ranges  0x00000000       0x30 ./freeRTOS/src/FreeRTOSCommonHooks.o
 .debug_ranges  0x00000030       0x18 ./freeRTOS/src/heap_3.o
 .debug_ranges  0x00000048       0x30 ./freeRTOS/src/list.o
 .debug_ranges  0x00000078       0x68 ./freeRTOS/src/port.o
 .debug_ranges  0x000000e0      0x100 ./freeRTOS/src/queue.o
 .debug_ranges  0x000001e0      0x1d8 ./freeRTOS/src/tasks.o
 .debug_ranges  0x000003b8       0x70 ./Example/src/FRTOS.o
 .debug_ranges  0x00000428       0x70 ./Example/src/cr_startup_lpc175x_6x.o
 .debug_ranges  0x00000498       0x10 ./Example/src/sysinit.o
 .debug_ranges  0x000004a8       0x28 C:\Users\unknown\Documents\LPCWorkspace\lpc_chip_175x_6x\Debug\liblpc_chip_175x_6x.a(chip_17xx_40xx.o)
 .debug_ranges  0x000004d0      0x110 C:\Users\unknown\Documents\LPCWorkspace\lpc_chip_175x_6x\Debug\liblpc_chip_175x_6x.a(clock_17xx_40xx.o)
 .debug_ranges  0x000005e0       0x20 C:\Users\unknown\Documents\LPCWorkspace\lpc_chip_175x_6x\Debug\liblpc_chip_175x_6x.a(iocon_17xx_40xx.o)
 .debug_ranges  0x00000600       0x50 C:\Users\unknown\Documents\LPCWorkspace\lpc_chip_175x_6x\Debug\liblpc_chip_175x_6x.a(sysinit_17xx_40xx.o)

.debug_macro    0x00000000     0x631e
 .debug_macro   0x00000000      0x24f ./freeRTOS/src/FreeRTOSCommonHooks.o
 .debug_macro   0x0000024f      0xa78 ./freeRTOS/src/FreeRTOSCommonHooks.o
 .debug_macro   0x00000cc7       0x10 ./freeRTOS/src/FreeRTOSCommonHooks.o
 .debug_macro   0x00000cd7      0x12d ./freeRTOS/src/FreeRTOSCommonHooks.o
 .debug_macro   0x00000e04       0x16 ./freeRTOS/src/FreeRTOSCommonHooks.o
 .debug_macro   0x00000e1a      0x5b2 ./freeRTOS/src/FreeRTOSCommonHooks.o
 .debug_macro   0x000013cc       0xe8 ./freeRTOS/src/FreeRTOSCommonHooks.o
 .debug_macro   0x000014b4      0x168 ./freeRTOS/src/FreeRTOSCommonHooks.o
 .debug_macro   0x0000161c       0xe4 ./freeRTOS/src/FreeRTOSCommonHooks.o
 .debug_macro   0x00001700       0x10 ./freeRTOS/src/FreeRTOSCommonHooks.o
 .debug_macro   0x00001710       0x1f ./freeRTOS/src/FreeRTOSCommonHooks.o
 .debug_macro   0x0000172f      0x3f3 ./freeRTOS/src/FreeRTOSCommonHooks.o
 .debug_macro   0x00001b22       0xc0 ./freeRTOS/src/FreeRTOSCommonHooks.o
 .debug_macro   0x00001be2       0x8c ./freeRTOS/src/FreeRTOSCommonHooks.o
 .debug_macro   0x00001c6e       0x22 ./freeRTOS/src/FreeRTOSCommonHooks.o
 .debug_macro   0x00001c90       0x74 ./freeRTOS/src/FreeRTOSCommonHooks.o
 .debug_macro   0x00001d04       0x10 ./freeRTOS/src/FreeRTOSCommonHooks.o
 .debug_macro   0x00001d14       0x2d ./freeRTOS/src/FreeRTOSCommonHooks.o
 .debug_macro   0x00001d41       0x3a ./freeRTOS/src/FreeRTOSCommonHooks.o
 .debug_macro   0x00001d7b       0x2d ./freeRTOS/src/FreeRTOSCommonHooks.o
 .debug_macro   0x00001da8      0xbb1 ./freeRTOS/src/FreeRTOSCommonHooks.o
 .debug_macro   0x00002959      0x22c ./freeRTOS/src/FreeRTOSCommonHooks.o
 .debug_macro   0x00002b85       0x42 ./freeRTOS/src/FreeRTOSCommonHooks.o
 .debug_macro   0x00002bc7       0x52 ./freeRTOS/src/FreeRTOSCommonHooks.o
 .debug_macro   0x00002c19       0x78 ./freeRTOS/src/FreeRTOSCommonHooks.o
 .debug_macro   0x00002c91       0x82 ./freeRTOS/src/FreeRTOSCommonHooks.o
 .debug_macro   0x00002d13      0x48c ./freeRTOS/src/FreeRTOSCommonHooks.o
 .debug_macro   0x0000319f       0x34 ./freeRTOS/src/FreeRTOSCommonHooks.o
 .debug_macro   0x000031d3      0x4c5 ./freeRTOS/src/FreeRTOSCommonHooks.o
 .debug_macro   0x00003698      0x1b7 ./freeRTOS/src/FreeRTOSCommonHooks.o
 .debug_macro   0x0000384f       0x10 ./freeRTOS/src/FreeRTOSCommonHooks.o
 .debug_macro   0x0000385f      0x21b ./freeRTOS/src/FreeRTOSCommonHooks.o
 .debug_macro   0x00003a7a      0x1b9 ./freeRTOS/src/FreeRTOSCommonHooks.o
 .debug_macro   0x00003c33       0x40 ./freeRTOS/src/FreeRTOSCommonHooks.o
 .debug_macro   0x00003c73       0x22 ./freeRTOS/src/FreeRTOSCommonHooks.o
 .debug_macro   0x00003c95      0x162 ./freeRTOS/src/FreeRTOSCommonHooks.o
 .debug_macro   0x00003df7       0x94 ./freeRTOS/src/FreeRTOSCommonHooks.o
 .debug_macro   0x00003e8b       0xb8 ./freeRTOS/src/FreeRTOSCommonHooks.o
 .debug_macro   0x00003f43       0x4c ./freeRTOS/src/FreeRTOSCommonHooks.o
 .debug_macro   0x00003f8f       0x16 ./freeRTOS/src/FreeRTOSCommonHooks.o
 .debug_macro   0x00003fa5      0x328 ./freeRTOS/src/FreeRTOSCommonHooks.o
 .debug_macro   0x000042cd       0x49 ./freeRTOS/src/FreeRTOSCommonHooks.o
 .debug_macro   0x00004316       0x16 ./freeRTOS/src/FreeRTOSCommonHooks.o
 .debug_macro   0x0000432c       0xca ./freeRTOS/src/FreeRTOSCommonHooks.o
 .debug_macro   0x000043f6       0x11 ./freeRTOS/src/FreeRTOSCommonHooks.o
 .debug_macro   0x00004407       0xd4 ./freeRTOS/src/heap_3.o
 .debug_macro   0x000044db       0xb9 ./freeRTOS/src/list.o
 .debug_macro   0x00004594      0x159 ./freeRTOS/src/port.o
 .debug_macro   0x000046ed      0x122 ./freeRTOS/src/queue.o
 .debug_macro   0x0000480f       0x94 ./freeRTOS/src/queue.o
 .debug_macro   0x000048a3      0x185 ./freeRTOS/src/tasks.o
 .debug_macro   0x00004a28       0x11 ./freeRTOS/src/tasks.o
 .debug_macro   0x00004a39      0x2dc ./Example/src/FRTOS.o
 .debug_macro   0x00004d15       0x7b ./Example/src/FRTOS.o
 .debug_macro   0x00004d90       0x18 ./Example/src/FRTOS.o
 .debug_macro   0x00004da8       0x10 ./Example/src/FRTOS.o
 .debug_macro   0x00004db8       0xe8 ./Example/src/FRTOS.o
 .debug_macro   0x00004ea0       0x78 ./Example/src/FRTOS.o
 .debug_macro   0x00004f18       0x82 ./Example/src/FRTOS.o
 .debug_macro   0x00004f9a       0x1d ./Example/src/cr_startup_lpc175x_6x.o
 .debug_macro   0x00004fb7      0x1cd ./Example/src/sysinit.o
 .debug_macro   0x00005184      0x1cd C:\Users\unknown\Documents\LPCWorkspace\lpc_chip_175x_6x\Debug\liblpc_chip_175x_6x.a(chip_17xx_40xx.o)
 .debug_macro   0x00005351      0xa66 C:\Users\unknown\Documents\LPCWorkspace\lpc_chip_175x_6x\Debug\liblpc_chip_175x_6x.a(chip_17xx_40xx.o)
 .debug_macro   0x00005db7      0x1cd C:\Users\unknown\Documents\LPCWorkspace\lpc_chip_175x_6x\Debug\liblpc_chip_175x_6x.a(clock_17xx_40xx.o)
 .debug_macro   0x00005f84      0x1cd C:\Users\unknown\Documents\LPCWorkspace\lpc_chip_175x_6x\Debug\liblpc_chip_175x_6x.a(iocon_17xx_40xx.o)
 .debug_macro   0x00006151      0x1cd C:\Users\unknown\Documents\LPCWorkspace\lpc_chip_175x_6x\Debug\liblpc_chip_175x_6x.a(sysinit_17xx_40xx.o)

.debug_line     0x00000000     0x3f15
 .debug_line    0x00000000      0x58d ./freeRTOS/src/FreeRTOSCommonHooks.o
 .debug_line    0x0000058d      0x22b ./freeRTOS/src/heap_3.o
 .debug_line    0x000007b8      0x279 ./freeRTOS/src/list.o
 .debug_line    0x00000a31      0x352 ./freeRTOS/src/port.o
 .debug_line    0x00000d83      0x671 ./freeRTOS/src/queue.o
 .debug_line    0x000013f4      0xbbc ./freeRTOS/src/tasks.o
 .debug_line    0x00001fb0      0x6a4 ./Example/src/FRTOS.o
 .debug_line    0x00002654       0xdb ./Example/src/cr_startup_lpc175x_6x.o
 .debug_line    0x0000272f      0x3fb ./Example/src/sysinit.o
 .debug_line    0x00002b2a      0x443 C:\Users\unknown\Documents\LPCWorkspace\lpc_chip_175x_6x\Debug\liblpc_chip_175x_6x.a(chip_17xx_40xx.o)
 .debug_line    0x00002f6d      0x6bf C:\Users\unknown\Documents\LPCWorkspace\lpc_chip_175x_6x\Debug\liblpc_chip_175x_6x.a(clock_17xx_40xx.o)
 .debug_line    0x0000362c      0x42f C:\Users\unknown\Documents\LPCWorkspace\lpc_chip_175x_6x\Debug\liblpc_chip_175x_6x.a(iocon_17xx_40xx.o)
 .debug_line    0x00003a5b      0x4ba C:\Users\unknown\Documents\LPCWorkspace\lpc_chip_175x_6x\Debug\liblpc_chip_175x_6x.a(sysinit_17xx_40xx.o)

.debug_str      0x00000000    0x19766
 .debug_str     0x00000000    0x14203 ./freeRTOS/src/FreeRTOSCommonHooks.o
                              0x14302 (size before relaxing)
 .debug_str     0x00014203      0x103 ./freeRTOS/src/heap_3.o
                               0x79fc (size before relaxing)
 .debug_str     0x00014306      0x139 ./freeRTOS/src/list.o
                               0x750c (size before relaxing)
 .debug_str     0x0001443f      0x75a ./freeRTOS/src/port.o
                               0x80df (size before relaxing)
 .debug_str     0x00014b99      0xf75 ./freeRTOS/src/queue.o
                               0x8a88 (size before relaxing)
 .debug_str     0x00015b0e     0x1b51 ./freeRTOS/src/tasks.o
                               0x97e6 (size before relaxing)
 .debug_str     0x0001765f     0x1307 ./Example/src/FRTOS.o
                              0x15d3d (size before relaxing)
 .debug_str     0x00018966      0x1b3 ./Example/src/cr_startup_lpc175x_6x.o
                               0x2ed0 (size before relaxing)
 .debug_str     0x00018b19       0x23 ./Example/src/sysinit.o
                              0x10ef2 (size before relaxing)
 .debug_str     0x00018b3c      0x26b C:\Users\unknown\Documents\LPCWorkspace\lpc_chip_175x_6x\Debug\liblpc_chip_175x_6x.a(chip_17xx_40xx.o)
                              0x112f8 (size before relaxing)
 .debug_str     0x00018da7      0x857 C:\Users\unknown\Documents\LPCWorkspace\lpc_chip_175x_6x\Debug\liblpc_chip_175x_6x.a(clock_17xx_40xx.o)
                              0x11976 (size before relaxing)
 .debug_str     0x000195fe       0xa4 C:\Users\unknown\Documents\LPCWorkspace\lpc_chip_175x_6x\Debug\liblpc_chip_175x_6x.a(iocon_17xx_40xx.o)
                              0x10df3 (size before relaxing)
 .debug_str     0x000196a2       0xc4 C:\Users\unknown\Documents\LPCWorkspace\lpc_chip_175x_6x\Debug\liblpc_chip_175x_6x.a(sysinit_17xx_40xx.o)
                              0x1125f (size before relaxing)

.comment        0x00000000       0x7e
 .comment       0x00000000       0x7e ./freeRTOS/src/FreeRTOSCommonHooks.o
                                 0x7f (size before relaxing)
 .comment       0x0000007e       0x7f ./freeRTOS/src/heap_3.o
 .comment       0x0000007e       0x7f ./freeRTOS/src/list.o
 .comment       0x0000007e       0x7f ./freeRTOS/src/port.o
 .comment       0x0000007e       0x7f ./freeRTOS/src/queue.o
 .comment       0x0000007e       0x7f ./freeRTOS/src/tasks.o
 .comment       0x0000007e       0x7f ./Example/src/FRTOS.o
 .comment       0x0000007e       0x7f ./Example/src/cr_startup_lpc175x_6x.o
 .comment       0x0000007e       0x7f ./Example/src/sysinit.o
 .comment       0x0000007e       0x7f C:\Users\unknown\Documents\LPCWorkspace\lpc_chip_175x_6x\Debug\liblpc_chip_175x_6x.a(chip_17xx_40xx.o)
 .comment       0x0000007e       0x7f C:\Users\unknown\Documents\LPCWorkspace\lpc_chip_175x_6x\Debug\liblpc_chip_175x_6x.a(clock_17xx_40xx.o)
 .comment       0x0000007e       0x7f C:\Users\unknown\Documents\LPCWorkspace\lpc_chip_175x_6x\Debug\liblpc_chip_175x_6x.a(iocon_17xx_40xx.o)
 .comment       0x0000007e       0x7f C:\Users\unknown\Documents\LPCWorkspace\lpc_chip_175x_6x\Debug\liblpc_chip_175x_6x.a(sysinit_17xx_40xx.o)
 .comment       0x0000007e       0x7f c:/nxp/mcuxpressoide_10.2.0_759/ide/tools/bin/../lib/gcc/arm-none-eabi/7.2.1/../../../../arm-none-eabi/lib/thumb/v7-m\libcr_semihost.a(_cr__main.o)
 .comment       0x0000007e       0x7f c:/nxp/mcuxpressoide_10.2.0_759/ide/tools/bin/../lib/gcc/arm-none-eabi/7.2.1/../../../../arm-none-eabi/lib/thumb/v7-m\libcr_c.a(memcpy.o)
 .comment       0x0000007e       0x7f c:/nxp/mcuxpressoide_10.2.0_759/ide/tools/bin/../lib/gcc/arm-none-eabi/7.2.1/../../../../arm-none-eabi/lib/thumb/v7-m\libcr_c.a(memset.o)
 .comment       0x0000007e       0x7f c:/nxp/mcuxpressoide_10.2.0_759/ide/tools/bin/../lib/gcc/arm-none-eabi/7.2.1/../../../../arm-none-eabi/lib/thumb/v7-m\libcr_c.a(alloc.o)
 .comment       0x0000007e       0x7f c:/nxp/mcuxpressoide_10.2.0_759/ide/tools/bin/../lib/gcc/arm-none-eabi/7.2.1/../../../../arm-none-eabi/lib/thumb/v7-m\libcr_c.a(fpprintf.o)
 .comment       0x0000007e       0x7f c:/nxp/mcuxpressoide_10.2.0_759/ide/tools/bin/../lib/gcc/arm-none-eabi/7.2.1/../../../../arm-none-eabi/lib/thumb/v7-m\libcr_c.a(initio.o)
 .comment       0x0000007e       0x7f c:/nxp/mcuxpressoide_10.2.0_759/ide/tools/bin/../lib/gcc/arm-none-eabi/7.2.1/../../../../arm-none-eabi/lib/thumb/v7-m\libcr_c.a(printf.o)
 .comment       0x0000007e       0x7f c:/nxp/mcuxpressoide_10.2.0_759/ide/tools/bin/../lib/gcc/arm-none-eabi/7.2.1/../../../../arm-none-eabi/lib/thumb/v7-m\libcr_c.a(setvbuf.o)
 .comment       0x0000007e       0x7f c:/nxp/mcuxpressoide_10.2.0_759/ide/tools/bin/../lib/gcc/arm-none-eabi/7.2.1/../../../../arm-none-eabi/lib/thumb/v7-m\libcr_c.a(strlen.o)
 .comment       0x0000007e       0x7f c:/nxp/mcuxpressoide_10.2.0_759/ide/tools/bin/../lib/gcc/arm-none-eabi/7.2.1/../../../../arm-none-eabi/lib/thumb/v7-m\libcr_c.a(__init_alloc.o)
 .comment       0x0000007e       0x7f c:/nxp/mcuxpressoide_10.2.0_759/ide/tools/bin/../lib/gcc/arm-none-eabi/7.2.1/../../../../arm-none-eabi/lib/thumb/v7-m\libcr_c.a(_cr_sbrk.o)
 .comment       0x0000007e       0x7f c:/nxp/mcuxpressoide_10.2.0_759/ide/tools/bin/../lib/gcc/arm-none-eabi/7.2.1/../../../../arm-none-eabi/lib/thumb/v7-m\libcr_c.a(_deferredlazyseek.o)
 .comment       0x0000007e       0x7f c:/nxp/mcuxpressoide_10.2.0_759/ide/tools/bin/../lib/gcc/arm-none-eabi/7.2.1/../../../../arm-none-eabi/lib/thumb/v7-m\libcr_c.a(_fdopen.o)
 .comment       0x0000007e       0x7f c:/nxp/mcuxpressoide_10.2.0_759/ide/tools/bin/../lib/gcc/arm-none-eabi/7.2.1/../../../../arm-none-eabi/lib/thumb/v7-m\libcr_c.a(_fflush.o)
 .comment       0x0000007e       0x7f c:/nxp/mcuxpressoide_10.2.0_759/ide/tools/bin/../lib/gcc/arm-none-eabi/7.2.1/../../../../arm-none-eabi/lib/thumb/v7-m\libcr_c.a(_frexpl.o)
 .comment       0x0000007e       0x7f c:/nxp/mcuxpressoide_10.2.0_759/ide/tools/bin/../lib/gcc/arm-none-eabi/7.2.1/../../../../arm-none-eabi/lib/thumb/v7-m\libcr_c.a(_ldexpl.o)
 .comment       0x0000007e       0x7f c:/nxp/mcuxpressoide_10.2.0_759/ide/tools/bin/../lib/gcc/arm-none-eabi/7.2.1/../../../../arm-none-eabi/lib/thumb/v7-m\libcr_c.a(_writebuf.o)
 .comment       0x0000007e       0x7f c:/nxp/mcuxpressoide_10.2.0_759/ide/tools/bin/../lib/gcc/arm-none-eabi/7.2.1/../../../../arm-none-eabi/lib/thumb/v7-m\libcr_c.a(errno.o)
 .comment       0x0000007e       0x7f c:/nxp/mcuxpressoide_10.2.0_759/ide/tools/bin/../lib/gcc/arm-none-eabi/7.2.1/../../../../arm-none-eabi/lib/thumb/v7-m\libcr_c.a(fclose.o)
 .comment       0x0000007e       0x7f c:/nxp/mcuxpressoide_10.2.0_759/ide/tools/bin/../lib/gcc/arm-none-eabi/7.2.1/../../../../arm-none-eabi/lib/thumb/v7-m\libcr_c.a(fflush.o)
 .comment       0x0000007e       0x7f c:/nxp/mcuxpressoide_10.2.0_759/ide/tools/bin/../lib/gcc/arm-none-eabi/7.2.1/../../../../arm-none-eabi/lib/thumb/v7-m\libcr_c.a(fseek.o)
 .comment       0x0000007e       0x7f c:/nxp/mcuxpressoide_10.2.0_759/ide/tools/bin/../lib/gcc/arm-none-eabi/7.2.1/../../../../arm-none-eabi/lib/thumb/v7-m\libcr_c.a(ftell.o)
 .comment       0x0000007e       0x7f c:/nxp/mcuxpressoide_10.2.0_759/ide/tools/bin/../lib/gcc/arm-none-eabi/7.2.1/../../../../arm-none-eabi/lib/thumb/v7-m\libcr_c.a(remove.o)
 .comment       0x0000007e       0x7f c:/nxp/mcuxpressoide_10.2.0_759/ide/tools/bin/../lib/gcc/arm-none-eabi/7.2.1/../../../../arm-none-eabi/lib/thumb/v7-m\libcr_c.a(_cr_check_heap.o)
 .comment       0x0000007e       0x7f c:/nxp/mcuxpressoide_10.2.0_759/ide/tools/bin/../lib/gcc/arm-none-eabi/7.2.1/../../../../arm-none-eabi/lib/thumb/v7-m\libcr_c.a(_do_fflush.o)
 .comment       0x0000007e       0x7f c:/nxp/mcuxpressoide_10.2.0_759/ide/tools/bin/../lib/gcc/arm-none-eabi/7.2.1/../../../../arm-none-eabi/lib/thumb/v7-m\libcr_c.a(_hugeval.o)
 .comment       0x0000007e       0x7f c:/nxp/mcuxpressoide_10.2.0_759/ide/tools/bin/../lib/gcc/arm-none-eabi/7.2.1/thumb/v7-m\libcr_eabihelpers.a(double.o)
 .comment       0x0000007e       0x7f c:/nxp/mcuxpressoide_10.2.0_759/ide/tools/bin/../lib/gcc/arm-none-eabi/7.2.1/../../../../arm-none-eabi/lib/thumb/v7-m\libcr_semihost.a(__ciob.o)

.ARM.attributes
                0x00000000       0x31
 .ARM.attributes
                0x00000000       0x33 ./freeRTOS/src/FreeRTOSCommonHooks.o
 .ARM.attributes
                0x00000033       0x33 ./freeRTOS/src/heap_3.o
 .ARM.attributes
                0x00000066       0x33 ./freeRTOS/src/list.o
 .ARM.attributes
                0x00000099       0x33 ./freeRTOS/src/port.o
 .ARM.attributes
                0x000000cc       0x33 ./freeRTOS/src/queue.o
 .ARM.attributes
                0x000000ff       0x33 ./freeRTOS/src/tasks.o
 .ARM.attributes
                0x00000132       0x33 ./Example/src/FRTOS.o
 .ARM.attributes
                0x00000165       0x33 ./Example/src/cr_startup_lpc175x_6x.o
 .ARM.attributes
                0x00000198       0x33 ./Example/src/sysinit.o
 .ARM.attributes
                0x000001cb       0x33 C:\Users\unknown\Documents\LPCWorkspace\lpc_chip_175x_6x\Debug\liblpc_chip_175x_6x.a(chip_17xx_40xx.o)
 .ARM.attributes
                0x000001fe       0x33 C:\Users\unknown\Documents\LPCWorkspace\lpc_chip_175x_6x\Debug\liblpc_chip_175x_6x.a(clock_17xx_40xx.o)
 .ARM.attributes
                0x00000231       0x33 C:\Users\unknown\Documents\LPCWorkspace\lpc_chip_175x_6x\Debug\liblpc_chip_175x_6x.a(iocon_17xx_40xx.o)
 .ARM.attributes
                0x00000264       0x33 C:\Users\unknown\Documents\LPCWorkspace\lpc_chip_175x_6x\Debug\liblpc_chip_175x_6x.a(sysinit_17xx_40xx.o)
 .ARM.attributes
                0x00000297       0x33 c:/nxp/mcuxpressoide_10.2.0_759/ide/tools/bin/../lib/gcc/arm-none-eabi/7.2.1/../../../../arm-none-eabi/lib/thumb/v7-m\libcr_semihost.a(_cr__main.o)
 .ARM.attributes
                0x000002ca       0x33 c:/nxp/mcuxpressoide_10.2.0_759/ide/tools/bin/../lib/gcc/arm-none-eabi/7.2.1/../../../../arm-none-eabi/lib/thumb/v7-m\libcr_c.a(memcpy.o)
 .ARM.attributes
                0x000002fd       0x33 c:/nxp/mcuxpressoide_10.2.0_759/ide/tools/bin/../lib/gcc/arm-none-eabi/7.2.1/../../../../arm-none-eabi/lib/thumb/v7-m\libcr_c.a(memset.o)
 .ARM.attributes
                0x00000330       0x33 c:/nxp/mcuxpressoide_10.2.0_759/ide/tools/bin/../lib/gcc/arm-none-eabi/7.2.1/../../../../arm-none-eabi/lib/thumb/v7-m\libcr_c.a(alloc.o)
 .ARM.attributes
                0x00000363       0x33 c:/nxp/mcuxpressoide_10.2.0_759/ide/tools/bin/../lib/gcc/arm-none-eabi/7.2.1/../../../../arm-none-eabi/lib/thumb/v7-m\libcr_c.a(fpprintf.o)
 .ARM.attributes
                0x00000396       0x33 c:/nxp/mcuxpressoide_10.2.0_759/ide/tools/bin/../lib/gcc/arm-none-eabi/7.2.1/../../../../arm-none-eabi/lib/thumb/v7-m\libcr_c.a(initio.o)
 .ARM.attributes
                0x000003c9       0x33 c:/nxp/mcuxpressoide_10.2.0_759/ide/tools/bin/../lib/gcc/arm-none-eabi/7.2.1/../../../../arm-none-eabi/lib/thumb/v7-m\libcr_c.a(printf.o)
 .ARM.attributes
                0x000003fc       0x33 c:/nxp/mcuxpressoide_10.2.0_759/ide/tools/bin/../lib/gcc/arm-none-eabi/7.2.1/../../../../arm-none-eabi/lib/thumb/v7-m\libcr_c.a(setvbuf.o)
 .ARM.attributes
                0x0000042f       0x33 c:/nxp/mcuxpressoide_10.2.0_759/ide/tools/bin/../lib/gcc/arm-none-eabi/7.2.1/../../../../arm-none-eabi/lib/thumb/v7-m\libcr_c.a(strlen.o)
 .ARM.attributes
                0x00000462       0x33 c:/nxp/mcuxpressoide_10.2.0_759/ide/tools/bin/../lib/gcc/arm-none-eabi/7.2.1/../../../../arm-none-eabi/lib/thumb/v7-m\libcr_c.a(__init_alloc.o)
 .ARM.attributes
                0x00000495       0x33 c:/nxp/mcuxpressoide_10.2.0_759/ide/tools/bin/../lib/gcc/arm-none-eabi/7.2.1/../../../../arm-none-eabi/lib/thumb/v7-m\libcr_c.a(_cr_sbrk.o)
 .ARM.attributes
                0x000004c8       0x33 c:/nxp/mcuxpressoide_10.2.0_759/ide/tools/bin/../lib/gcc/arm-none-eabi/7.2.1/../../../../arm-none-eabi/lib/thumb/v7-m\libcr_c.a(_deferredlazyseek.o)
 .ARM.attributes
                0x000004fb       0x33 c:/nxp/mcuxpressoide_10.2.0_759/ide/tools/bin/../lib/gcc/arm-none-eabi/7.2.1/../../../../arm-none-eabi/lib/thumb/v7-m\libcr_c.a(_fdopen.o)
 .ARM.attributes
                0x0000052e       0x33 c:/nxp/mcuxpressoide_10.2.0_759/ide/tools/bin/../lib/gcc/arm-none-eabi/7.2.1/../../../../arm-none-eabi/lib/thumb/v7-m\libcr_c.a(_fflush.o)
 .ARM.attributes
                0x00000561       0x33 c:/nxp/mcuxpressoide_10.2.0_759/ide/tools/bin/../lib/gcc/arm-none-eabi/7.2.1/../../../../arm-none-eabi/lib/thumb/v7-m\libcr_c.a(_frexpl.o)
 .ARM.attributes
                0x00000594       0x33 c:/nxp/mcuxpressoide_10.2.0_759/ide/tools/bin/../lib/gcc/arm-none-eabi/7.2.1/../../../../arm-none-eabi/lib/thumb/v7-m\libcr_c.a(_ldexpl.o)
 .ARM.attributes
                0x000005c7       0x33 c:/nxp/mcuxpressoide_10.2.0_759/ide/tools/bin/../lib/gcc/arm-none-eabi/7.2.1/../../../../arm-none-eabi/lib/thumb/v7-m\libcr_c.a(_writebuf.o)
 .ARM.attributes
                0x000005fa       0x33 c:/nxp/mcuxpressoide_10.2.0_759/ide/tools/bin/../lib/gcc/arm-none-eabi/7.2.1/../../../../arm-none-eabi/lib/thumb/v7-m\libcr_c.a(errno.o)
 .ARM.attributes
                0x0000062d       0x33 c:/nxp/mcuxpressoide_10.2.0_759/ide/tools/bin/../lib/gcc/arm-none-eabi/7.2.1/../../../../arm-none-eabi/lib/thumb/v7-m\libcr_c.a(fclose.o)
 .ARM.attributes
                0x00000660       0x33 c:/nxp/mcuxpressoide_10.2.0_759/ide/tools/bin/../lib/gcc/arm-none-eabi/7.2.1/../../../../arm-none-eabi/lib/thumb/v7-m\libcr_c.a(fflush.o)
 .ARM.attributes
                0x00000693       0x33 c:/nxp/mcuxpressoide_10.2.0_759/ide/tools/bin/../lib/gcc/arm-none-eabi/7.2.1/../../../../arm-none-eabi/lib/thumb/v7-m\libcr_c.a(fseek.o)
 .ARM.attributes
                0x000006c6       0x33 c:/nxp/mcuxpressoide_10.2.0_759/ide/tools/bin/../lib/gcc/arm-none-eabi/7.2.1/../../../../arm-none-eabi/lib/thumb/v7-m\libcr_c.a(ftell.o)
 .ARM.attributes
                0x000006f9       0x33 c:/nxp/mcuxpressoide_10.2.0_759/ide/tools/bin/../lib/gcc/arm-none-eabi/7.2.1/../../../../arm-none-eabi/lib/thumb/v7-m\libcr_c.a(remove.o)
 .ARM.attributes
                0x0000072c       0x33 c:/nxp/mcuxpressoide_10.2.0_759/ide/tools/bin/../lib/gcc/arm-none-eabi/7.2.1/../../../../arm-none-eabi/lib/thumb/v7-m\libcr_c.a(_cr_check_heap.o)
 .ARM.attributes
                0x0000075f       0x33 c:/nxp/mcuxpressoide_10.2.0_759/ide/tools/bin/../lib/gcc/arm-none-eabi/7.2.1/../../../../arm-none-eabi/lib/thumb/v7-m\libcr_c.a(_do_fflush.o)
 .ARM.attributes
                0x00000792       0x33 c:/nxp/mcuxpressoide_10.2.0_759/ide/tools/bin/../lib/gcc/arm-none-eabi/7.2.1/../../../../arm-none-eabi/lib/thumb/v7-m\libcr_c.a(_hugeval.o)
 .ARM.attributes
                0x000007c5       0x33 c:/nxp/mcuxpressoide_10.2.0_759/ide/tools/bin/../lib/gcc/arm-none-eabi/7.2.1/thumb/v7-m\libcr_eabihelpers.a(double.o)
 .ARM.attributes
                0x000007f8       0x21 c:/nxp/mcuxpressoide_10.2.0_759/ide/tools/bin/../lib/gcc/arm-none-eabi/7.2.1/thumb/v7-m\libcr_eabihelpers.a(memcpy.o)
 .ARM.attributes
                0x00000819       0x33 c:/nxp/mcuxpressoide_10.2.0_759/ide/tools/bin/../lib/gcc/arm-none-eabi/7.2.1/../../../../arm-none-eabi/lib/thumb/v7-m\libcr_semihost.a(__ciob.o)
 .ARM.attributes
                0x0000084c       0x21 c:/nxp/mcuxpressoide_10.2.0_759/ide/tools/bin/../lib/gcc/arm-none-eabi/7.2.1/../../../../arm-none-eabi/lib/thumb/v7-m\libcr_semihost.a(__sys_appexit.o)
 .ARM.attributes
                0x0000086d       0x21 c:/nxp/mcuxpressoide_10.2.0_759/ide/tools/bin/../lib/gcc/arm-none-eabi/7.2.1/../../../../arm-none-eabi/lib/thumb/v7-m\libcr_semihost.a(__sys_close.o)
 .ARM.attributes
                0x0000088e       0x21 c:/nxp/mcuxpressoide_10.2.0_759/ide/tools/bin/../lib/gcc/arm-none-eabi/7.2.1/../../../../arm-none-eabi/lib/thumb/v7-m\libcr_semihost.a(__sys_flen.o)
 .ARM.attributes
                0x000008af       0x21 c:/nxp/mcuxpressoide_10.2.0_759/ide/tools/bin/../lib/gcc/arm-none-eabi/7.2.1/../../../../arm-none-eabi/lib/thumb/v7-m\libcr_semihost.a(__sys_istty.o)
 .ARM.attributes
                0x000008d0       0x21 c:/nxp/mcuxpressoide_10.2.0_759/ide/tools/bin/../lib/gcc/arm-none-eabi/7.2.1/../../../../arm-none-eabi/lib/thumb/v7-m\libcr_semihost.a(__sys_remove.o)
 .ARM.attributes
                0x000008f1       0x21 c:/nxp/mcuxpressoide_10.2.0_759/ide/tools/bin/../lib/gcc/arm-none-eabi/7.2.1/../../../../arm-none-eabi/lib/thumb/v7-m\libcr_semihost.a(__sys_seek.o)
 .ARM.attributes
                0x00000912       0x21 c:/nxp/mcuxpressoide_10.2.0_759/ide/tools/bin/../lib/gcc/arm-none-eabi/7.2.1/../../../../arm-none-eabi/lib/thumb/v7-m\libcr_semihost.a(__sys_tmpnam.o)
 .ARM.attributes
                0x00000933       0x21 c:/nxp/mcuxpressoide_10.2.0_759/ide/tools/bin/../lib/gcc/arm-none-eabi/7.2.1/../../../../arm-none-eabi/lib/thumb/v7-m\libcr_semihost.a(__sys_write.o)

.debug_frame    0x00000000     0x1ab0
 .debug_frame   0x00000000       0xb4 ./freeRTOS/src/FreeRTOSCommonHooks.o
 .debug_frame   0x000000b4       0x58 ./freeRTOS/src/heap_3.o
 .debug_frame   0x0000010c       0xd8 ./freeRTOS/src/list.o
 .debug_frame   0x000001e4      0x178 ./freeRTOS/src/port.o
 .debug_frame   0x0000035c      0x498 ./freeRTOS/src/queue.o
 .debug_frame   0x000007f4      0x864 ./freeRTOS/src/tasks.o
 .debug_frame   0x00001058      0x1f0 ./Example/src/FRTOS.o
 .debug_frame   0x00001248      0x170 ./Example/src/cr_startup_lpc175x_6x.o
 .debug_frame   0x000013b8       0x34 ./Example/src/sysinit.o
 .debug_frame   0x000013ec       0x88 C:\Users\unknown\Documents\LPCWorkspace\lpc_chip_175x_6x\Debug\liblpc_chip_175x_6x.a(chip_17xx_40xx.o)
 .debug_frame   0x00001474      0x490 C:\Users\unknown\Documents\LPCWorkspace\lpc_chip_175x_6x\Debug\liblpc_chip_175x_6x.a(clock_17xx_40xx.o)
 .debug_frame   0x00001904       0x80 C:\Users\unknown\Documents\LPCWorkspace\lpc_chip_175x_6x\Debug\liblpc_chip_175x_6x.a(iocon_17xx_40xx.o)
 .debug_frame   0x00001984      0x12c C:\Users\unknown\Documents\LPCWorkspace\lpc_chip_175x_6x\Debug\liblpc_chip_175x_6x.a(sysinit_17xx_40xx.o)
